[     398ms] [INFO] %cDownload the React DevTools for a better development experience: https://react.dev/link/react-devtools font-weight:bold @ webpack-internal:///./node_modules/react-dom/cjs/react-dom-client.development.js:28003
[    1282ms] [LOG] [HMR] Reload all CSS @ webpack-internal:///./node_modules/@rspack/core/dist/cssExtractHmr.js:109
[    2116ms] [LOG] [HMR] Reload all CSS @ webpack-internal:///./node_modules/@rspack/core/dist/cssExtractHmr.js:109
[    2148ms] [LOG] [HMR] Reload all CSS @ webpack-internal:///./node_modules/@rspack/core/dist/cssExtractHmr.js:109
[    2942ms] [ERROR] [webpack-dev-server] Errors while compiling. Reload prevented. @ webpack-internal:///./node_modules/webpack-dev-server/client/modules/logger/index.js:607
[    2942ms] [ERROR] [webpack-dev-server] ERROR
  ×   Error: The loader "/Users/a1234/Documents/MyBlog/my-blog/node_modules/@docusau  rus/core/lib/webpack/templates/dev.html.template.ejs" didn't return html.
  │ 
  │   - index.js:684 HtmlWebpackPlugin.evaluateCompilationResult
  │     [my-blog]/[html-webpack-plugin]/index.js:684:11
  │ 
  │   - index.js:1409
  │     [my-blog]/[html-webpack-plugin]/index.js:1409:21
  │ 
  │   - async Promise.all
  │ 
  │   - async Promise.all
  │ 
  │ 
 @ webpack-internal:///./node_modules/webpack-dev-server/client/modules/logger/index.js:607
[    3013ms] [LOG] [HMR] Reload all CSS @ webpack-internal:///./node_modules/@rspack/core/dist/cssExtractHmr.js:109
[    3248ms] [ERROR] [webpack-dev-server] Errors while compiling. Reload prevented. @ webpack-internal:///./node_modules/webpack-dev-server/client/modules/logger/index.js:607
[    3248ms] [ERROR] [webpack-dev-server] ERROR
  ×   Error: The loader "/Users/a1234/Documents/MyBlog/my-blog/node_modules/@docusau  rus/core/lib/webpack/templates/dev.html.template.ejs" didn't return html.
  │ 
  │   - index.js:684 HtmlWebpackPlugin.evaluateCompilationResult
  │     [my-blog]/[html-webpack-plugin]/index.js:684:11
  │ 
  │   - index.js:1409
  │     [my-blog]/[html-webpack-plugin]/index.js:1409:21
  │ 
  │   - async Promise.all
  │ 
  │   - async Promise.all
  │ 
  │ 
 @ webpack-internal:///./node_modules/webpack-dev-server/client/modules/logger/index.js:607
[    3480ms] [ERROR] [webpack-dev-server] Errors while compiling. Reload prevented. @ webpack-internal:///./node_modules/webpack-dev-server/client/modules/logger/index.js:607
[    3480ms] [ERROR] [webpack-dev-server] ERROR
  ×   Error: The loader "/Users/a1234/Documents/MyBlog/my-blog/node_modules/@docusau  rus/core/lib/webpack/templates/dev.html.template.ejs" didn't return html.
  │ 
  │   - index.js:684 HtmlWebpackPlugin.evaluateCompilationResult
  │     [my-blog]/[html-webpack-plugin]/index.js:684:11
  │ 
  │   - index.js:1409
  │     [my-blog]/[html-webpack-plugin]/index.js:1409:21
  │ 
  │   - async Promise.all
  │ 
  │   - async Promise.all
  │ 
  │ 
 @ webpack-internal:///./node_modules/webpack-dev-server/client/modules/logger/index.js:607
[    3754ms] [LOG] [HMR] Reload all CSS @ webpack-internal:///./node_modules/@rspack/core/dist/cssExtractHmr.js:109
[    3761ms] [LOG] [HMR] Reload all CSS @ webpack-internal:///./node_modules/@rspack/core/dist/cssExtractHmr.js:109
[    3772ms] [LOG] [HMR] Reload all CSS @ webpack-internal:///./node_modules/@rspack/core/dist/cssExtractHmr.js:109
[    3772ms] [LOG] [HMR] Reload all CSS @ webpack-internal:///./node_modules/@rspack/core/dist/cssExtractHmr.js:109
[    4329ms] [LOG] [HMR] Reload all CSS @ webpack-internal:///./node_modules/@rspack/core/dist/cssExtractHmr.js:109
[    4336ms] [LOG] [HMR] Reload all CSS @ webpack-internal:///./node_modules/@rspack/core/dist/cssExtractHmr.js:109
[    4568ms] [LOG] [HMR] Reload all CSS @ webpack-internal:///./node_modules/@rspack/core/dist/cssExtractHmr.js:109
[    4805ms] [LOG] [HMR] Reload all CSS @ webpack-internal:///./node_modules/@rspack/core/dist/cssExtractHmr.js:109
[    5075ms] [LOG] [HMR] Reload all CSS @ webpack-internal:///./node_modules/@rspack/core/dist/cssExtractHmr.js:109
[    5297ms] [LOG] [HMR] Reload all CSS @ webpack-internal:///./node_modules/@rspack/core/dist/cssExtractHmr.js:109
[    5565ms] [LOG] [HMR] Reload all CSS @ webpack-internal:///./node_modules/@rspack/core/dist/cssExtractHmr.js:109
[    5797ms] [LOG] [HMR] Reload all CSS @ webpack-internal:///./node_modules/@rspack/core/dist/cssExtractHmr.js:109
[    6035ms] [LOG] [HMR] Reload all CSS @ webpack-internal:///./node_modules/@rspack/core/dist/cssExtractHmr.js:109
[    6171ms] [ERROR] [webpack-dev-server] Errors while compiling. Reload prevented. @ webpack-internal:///./node_modules/webpack-dev-server/client/modules/logger/index.js:607
[    6172ms] [ERROR] [webpack-dev-server] ERROR
  ×   Error: The loader "/Users/a1234/Documents/MyBlog/my-blog/node_modules/@docusau  rus/core/lib/webpack/templates/dev.html.template.ejs" didn't return html.
  │ 
  │   - index.js:684 HtmlWebpackPlugin.evaluateCompilationResult
  │     [my-blog]/[html-webpack-plugin]/index.js:684:11
  │ 
  │   - index.js:1409
  │     [my-blog]/[html-webpack-plugin]/index.js:1409:21
  │ 
  │   - async Promise.all
  │ 
  │   - async Promise.all
  │ 
  │ 
 @ webpack-internal:///./node_modules/webpack-dev-server/client/modules/logger/index.js:607
[    6369ms] [ERROR] [webpack-dev-server] Errors while compiling. Reload prevented. @ webpack-internal:///./node_modules/webpack-dev-server/client/modules/logger/index.js:607
[    6369ms] [ERROR] [webpack-dev-server] ERROR
  ×   Error: The loader "/Users/a1234/Documents/MyBlog/my-blog/node_modules/@docusau  rus/core/lib/webpack/templates/dev.html.template.ejs" didn't return html.
  │ 
  │   - index.js:684 HtmlWebpackPlugin.evaluateCompilationResult
  │     [my-blog]/[html-webpack-plugin]/index.js:684:11
  │ 
  │   - index.js:1409
  │     [my-blog]/[html-webpack-plugin]/index.js:1409:21
  │ 
  │   - async Promise.all
  │ 
  │   - async Promise.all
  │ 
  │ 
 @ webpack-internal:///./node_modules/webpack-dev-server/client/modules/logger/index.js:607
[    6635ms] [LOG] [HMR] Reload all CSS @ webpack-internal:///./node_modules/@rspack/core/dist/cssExtractHmr.js:109
[    6639ms] [LOG] [HMR] Reload all CSS @ webpack-internal:///./node_modules/@rspack/core/dist/cssExtractHmr.js:109
[    6643ms] [LOG] [HMR] Reload all CSS @ webpack-internal:///./node_modules/@rspack/core/dist/cssExtractHmr.js:109
[    6905ms] [LOG] [HMR] Reload all CSS @ webpack-internal:///./node_modules/@rspack/core/dist/cssExtractHmr.js:109
[    7380ms] [LOG] [HMR] Reload all CSS @ webpack-internal:///./node_modules/@rspack/core/dist/cssExtractHmr.js:109
[    7645ms] [LOG] [HMR] Reload all CSS @ webpack-internal:///./node_modules/@rspack/core/dist/cssExtractHmr.js:109
[    7903ms] [LOG] [HMR] Reload all CSS @ webpack-internal:///./node_modules/@rspack/core/dist/cssExtractHmr.js:109
[    8150ms] [LOG] [HMR] Reload all CSS @ webpack-internal:///./node_modules/@rspack/core/dist/cssExtractHmr.js:109
[    8421ms] [LOG] [HMR] Reload all CSS @ webpack-internal:///./node_modules/@rspack/core/dist/cssExtractHmr.js:109
[    8737ms] [LOG] [HMR] Reload all CSS @ webpack-internal:///./node_modules/@rspack/core/dist/cssExtractHmr.js:109
[    9022ms] [LOG] [HMR] Reload all CSS @ webpack-internal:///./node_modules/@rspack/core/dist/cssExtractHmr.js:109
[    9299ms] [LOG] [HMR] Reload all CSS @ webpack-internal:///./node_modules/@rspack/core/dist/cssExtractHmr.js:109
[    9523ms] [LOG] [HMR] Reload all CSS @ webpack-internal:///./node_modules/@rspack/core/dist/cssExtractHmr.js:109
[    9779ms] [LOG] [HMR] Reload all CSS @ webpack-internal:///./node_modules/@rspack/core/dist/cssExtractHmr.js:109
[   10027ms] [LOG] [HMR] Reload all CSS @ webpack-internal:///./node_modules/@rspack/core/dist/cssExtractHmr.js:109
[   10277ms] [LOG] [HMR] Reload all CSS @ webpack-internal:///./node_modules/@rspack/core/dist/cssExtractHmr.js:109
[   10507ms] [LOG] [HMR] Reload all CSS @ webpack-internal:///./node_modules/@rspack/core/dist/cssExtractHmr.js:109
[   10754ms] [LOG] [HMR] Reload all CSS @ webpack-internal:///./node_modules/@rspack/core/dist/cssExtractHmr.js:109
[   10942ms] [ERROR] [webpack-dev-server] Errors while compiling. Reload prevented. @ webpack-internal:///./node_modules/webpack-dev-server/client/modules/logger/index.js:607
[   10942ms] [ERROR] [webpack-dev-server] ERROR
  ×   Error: The loader "/Users/a1234/Documents/MyBlog/my-blog/node_modules/@docusau  rus/core/lib/webpack/templates/dev.html.template.ejs" didn't return html.
  │ 
  │   - index.js:684 HtmlWebpackPlugin.evaluateCompilationResult
  │     [my-blog]/[html-webpack-plugin]/index.js:684:11
  │ 
  │   - index.js:1409
  │     [my-blog]/[html-webpack-plugin]/index.js:1409:21
  │ 
  │   - async Promise.all
  │ 
  │   - async Promise.all
  │ 
  │ 
 @ webpack-internal:///./node_modules/webpack-dev-server/client/modules/logger/index.js:607
[   11206ms] [LOG] [HMR] Reload all CSS @ webpack-internal:///./node_modules/@rspack/core/dist/cssExtractHmr.js:109
[   11220ms] [LOG] [HMR] Reload all CSS @ webpack-internal:///./node_modules/@rspack/core/dist/cssExtractHmr.js:109
[   11440ms] [LOG] [HMR] Reload all CSS @ webpack-internal:///./node_modules/@rspack/core/dist/cssExtractHmr.js:109
[   11679ms] [LOG] [HMR] Reload all CSS @ webpack-internal:///./node_modules/@rspack/core/dist/cssExtractHmr.js:109
[   11980ms] [LOG] [HMR] Reload all CSS @ webpack-internal:///./node_modules/@rspack/core/dist/cssExtractHmr.js:109
[   12208ms] [LOG] [HMR] Reload all CSS @ webpack-internal:///./node_modules/@rspack/core/dist/cssExtractHmr.js:109
[   12460ms] [LOG] [HMR] Reload all CSS @ webpack-internal:///./node_modules/@rspack/core/dist/cssExtractHmr.js:109
[   12646ms] [ERROR] [webpack-dev-server] Errors while compiling. Reload prevented. @ webpack-internal:///./node_modules/webpack-dev-server/client/modules/logger/index.js:607
[   12646ms] [ERROR] [webpack-dev-server] ERROR
  ×   Error: The loader "/Users/a1234/Documents/MyBlog/my-blog/node_modules/@docusau  rus/core/lib/webpack/templates/dev.html.template.ejs" didn't return html.
  │ 
  │   - index.js:684 HtmlWebpackPlugin.evaluateCompilationResult
  │     [my-blog]/[html-webpack-plugin]/index.js:684:11
  │ 
  │   - index.js:1409
  │     [my-blog]/[html-webpack-plugin]/index.js:1409:21
  │ 
  │   - async Promise.all
  │ 
  │   - async Promise.all
  │ 
  │ 
 @ webpack-internal:///./node_modules/webpack-dev-server/client/modules/logger/index.js:607
[   12880ms] [ERROR] [webpack-dev-server] Errors while compiling. Reload prevented. @ webpack-internal:///./node_modules/webpack-dev-server/client/modules/logger/index.js:607
[   12880ms] [ERROR] [webpack-dev-server] ERROR
  ×   Error: The loader "/Users/a1234/Documents/MyBlog/my-blog/node_modules/@docusau  rus/core/lib/webpack/templates/dev.html.template.ejs" didn't return html.
  │ 
  │   - index.js:684 HtmlWebpackPlugin.evaluateCompilationResult
  │     [my-blog]/[html-webpack-plugin]/index.js:684:11
  │ 
  │   - index.js:1409
  │     [my-blog]/[html-webpack-plugin]/index.js:1409:21
  │ 
  │   - async Promise.all
  │ 
  │   - async Promise.all
  │ 
  │ 
 @ webpack-internal:///./node_modules/webpack-dev-server/client/modules/logger/index.js:607
[   13071ms] [ERROR] [webpack-dev-server] Errors while compiling. Reload prevented. @ webpack-internal:///./node_modules/webpack-dev-server/client/modules/logger/index.js:607
[   13071ms] [ERROR] [webpack-dev-server] ERROR
  ×   Error: The loader "/Users/a1234/Documents/MyBlog/my-blog/node_modules/@docusau  rus/core/lib/webpack/templates/dev.html.template.ejs" didn't return html.
  │ 
  │   - index.js:684 HtmlWebpackPlugin.evaluateCompilationResult
  │     [my-blog]/[html-webpack-plugin]/index.js:684:11
  │ 
  │   - index.js:1409
  │     [my-blog]/[html-webpack-plugin]/index.js:1409:21
  │ 
  │   - async Promise.all
  │ 
  │   - async Promise.all
  │ 
  │ 
 @ webpack-internal:///./node_modules/webpack-dev-server/client/modules/logger/index.js:607
[   13292ms] [ERROR] [webpack-dev-server] Errors while compiling. Reload prevented. @ webpack-internal:///./node_modules/webpack-dev-server/client/modules/logger/index.js:607
[   13292ms] [ERROR] [webpack-dev-server] ERROR
  ×   Error: The loader "/Users/a1234/Documents/MyBlog/my-blog/node_modules/@docusau  rus/core/lib/webpack/templates/dev.html.template.ejs" didn't return html.
  │ 
  │   - index.js:684 HtmlWebpackPlugin.evaluateCompilationResult
  │     [my-blog]/[html-webpack-plugin]/index.js:684:11
  │ 
  │   - index.js:1409
  │     [my-blog]/[html-webpack-plugin]/index.js:1409:21
  │ 
  │   - async Promise.all
  │ 
  │   - async Promise.all
  │ 
  │ 
 @ webpack-internal:///./node_modules/webpack-dev-server/client/modules/logger/index.js:607
[   14362ms] [ERROR] WebSocket connection to 'ws://localhost:3001/ws' failed: Error in connection establishment: net::ERR_CONNECTION_REFUSED @ webpack-internal:///./node_modules/webpack-dev-server/client/clients/WebSocketClient.js:24
[   14363ms] [ERROR] [webpack-dev-server] Event @ webpack-internal:///./node_modules/webpack-dev-server/client/modules/logger/index.js:607
[   16429ms] [ERROR] WebSocket connection to 'ws://localhost:3001/ws' failed: Error in connection establishment: net::ERR_CONNECTION_REFUSED @ webpack-internal:///./node_modules/webpack-dev-server/client/clients/WebSocketClient.js:24
[   16429ms] [ERROR] [webpack-dev-server] Event @ webpack-internal:///./node_modules/webpack-dev-server/client/modules/logger/index.js:607
[   20470ms] [ERROR] WebSocket connection to 'ws://localhost:3001/ws' failed: Error in connection establishment: net::ERR_CONNECTION_REFUSED @ webpack-internal:///./node_modules/webpack-dev-server/client/clients/WebSocketClient.js:24
[   20470ms] [ERROR] [webpack-dev-server] Event @ webpack-internal:///./node_modules/webpack-dev-server/client/modules/logger/index.js:607
[   28506ms] [ERROR] WebSocket connection to 'ws://localhost:3001/ws' failed: Error in connection establishment: net::ERR_CONNECTION_REFUSED @ webpack-internal:///./node_modules/webpack-dev-server/client/clients/WebSocketClient.js:24
[   28507ms] [ERROR] [webpack-dev-server] Event @ webpack-internal:///./node_modules/webpack-dev-server/client/modules/logger/index.js:607
