[     235ms] [INFO] %cDownload the React DevTools for a better development experience: https://react.dev/link/react-devtools font-weight:bold @ webpack-internal:///./node_modules/react-dom/cjs/react-dom-client.development.js:28003
[     542ms] [LOG] [HMR] Reload all CSS @ webpack-internal:///./node_modules/@rspack/core/dist/cssExtractHmr.js:109
[     857ms] [LOG] [HMR] Reload all CSS @ webpack-internal:///./node_modules/@rspack/core/dist/cssExtractHmr.js:109
[     867ms] [LOG] [HMR] Reload all CSS @ webpack-internal:///./node_modules/@rspack/core/dist/cssExtractHmr.js:109
[    1076ms] [LOG] [HMR] Reload all CSS @ webpack-internal:///./node_modules/@rspack/core/dist/cssExtractHmr.js:109
[    1300ms] [LOG] [HMR] Reload all CSS @ webpack-internal:///./node_modules/@rspack/core/dist/cssExtractHmr.js:109
[    1520ms] [LOG] [HMR] Reload all CSS @ webpack-internal:///./node_modules/@rspack/core/dist/cssExtractHmr.js:109
[    1760ms] [LOG] [HMR] Reload all CSS @ webpack-internal:///./node_modules/@rspack/core/dist/cssExtractHmr.js:109
[    2000ms] [LOG] [HMR] Reload all CSS @ webpack-internal:///./node_modules/@rspack/core/dist/cssExtractHmr.js:109
[    2229ms] [LOG] [HMR] Reload all CSS @ webpack-internal:///./node_modules/@rspack/core/dist/cssExtractHmr.js:109
[    2462ms] [LOG] [HMR] Reload all CSS @ webpack-internal:///./node_modules/@rspack/core/dist/cssExtractHmr.js:109
[    2698ms] [LOG] [HMR] Reload all CSS @ webpack-internal:///./node_modules/@rspack/core/dist/cssExtractHmr.js:109
[    2901ms] [LOG] [HMR] Reload all CSS @ webpack-internal:///./node_modules/@rspack/core/dist/cssExtractHmr.js:109
[    3234ms] [LOG] [HMR] Reload all CSS @ webpack-internal:///./node_modules/@rspack/core/dist/cssExtractHmr.js:109
[    3427ms] [LOG] [HMR] Reload all CSS @ webpack-internal:///./node_modules/@rspack/core/dist/cssExtractHmr.js:109
[    3646ms] [LOG] [HMR] Reload all CSS @ webpack-internal:///./node_modules/@rspack/core/dist/cssExtractHmr.js:109
[    3871ms] [LOG] [HMR] Reload all CSS @ webpack-internal:///./node_modules/@rspack/core/dist/cssExtractHmr.js:109
[    4080ms] [LOG] [HMR] Reload all CSS @ webpack-internal:///./node_modules/@rspack/core/dist/cssExtractHmr.js:109
[    4312ms] [LOG] [HMR] Reload all CSS @ webpack-internal:///./node_modules/@rspack/core/dist/cssExtractHmr.js:109
[    4532ms] [LOG] [HMR] Reload all CSS @ webpack-internal:///./node_modules/@rspack/core/dist/cssExtractHmr.js:109
[    4739ms] [LOG] [HMR] Reload all CSS @ webpack-internal:///./node_modules/@rspack/core/dist/cssExtractHmr.js:109
[    4964ms] [LOG] [HMR] Reload all CSS @ webpack-internal:///./node_modules/@rspack/core/dist/cssExtractHmr.js:109
[    5182ms] [LOG] [HMR] Reload all CSS @ webpack-internal:///./node_modules/@rspack/core/dist/cssExtractHmr.js:109
[    5409ms] [LOG] [HMR] Reload all CSS @ webpack-internal:///./node_modules/@rspack/core/dist/cssExtractHmr.js:109
[    5635ms] [LOG] [HMR] Reload all CSS @ webpack-internal:///./node_modules/@rspack/core/dist/cssExtractHmr.js:109
[    5869ms] [LOG] [HMR] Reload all CSS @ webpack-internal:///./node_modules/@rspack/core/dist/cssExtractHmr.js:109
[    6074ms] [LOG] [HMR] Reload all CSS @ webpack-internal:///./node_modules/@rspack/core/dist/cssExtractHmr.js:109
[    6294ms] [LOG] [HMR] Reload all CSS @ webpack-internal:///./node_modules/@rspack/core/dist/cssExtractHmr.js:109
[    6523ms] [LOG] [HMR] Reload all CSS @ webpack-internal:///./node_modules/@rspack/core/dist/cssExtractHmr.js:109
[    6733ms] [LOG] [HMR] Reload all CSS @ webpack-internal:///./node_modules/@rspack/core/dist/cssExtractHmr.js:109
[    6962ms] [LOG] [HMR] Reload all CSS @ webpack-internal:///./node_modules/@rspack/core/dist/cssExtractHmr.js:109
[    7203ms] [LOG] [HMR] Reload all CSS @ webpack-internal:///./node_modules/@rspack/core/dist/cssExtractHmr.js:109
[    7419ms] [LOG] [HMR] Reload all CSS @ webpack-internal:///./node_modules/@rspack/core/dist/cssExtractHmr.js:109
[    7666ms] [LOG] [HMR] Reload all CSS @ webpack-internal:///./node_modules/@rspack/core/dist/cssExtractHmr.js:109
[    7863ms] [LOG] [HMR] Reload all CSS @ webpack-internal:///./node_modules/@rspack/core/dist/cssExtractHmr.js:109
[    8084ms] [LOG] [HMR] Reload all CSS @ webpack-internal:///./node_modules/@rspack/core/dist/cssExtractHmr.js:109
[    8306ms] [LOG] [HMR] Reload all CSS @ webpack-internal:///./node_modules/@rspack/core/dist/cssExtractHmr.js:109
[    8528ms] [LOG] [HMR] Reload all CSS @ webpack-internal:///./node_modules/@rspack/core/dist/cssExtractHmr.js:109
[    8752ms] [LOG] [HMR] Reload all CSS @ webpack-internal:///./node_modules/@rspack/core/dist/cssExtractHmr.js:109
[    8979ms] [LOG] [HMR] Reload all CSS @ webpack-internal:///./node_modules/@rspack/core/dist/cssExtractHmr.js:109
[    9204ms] [LOG] [HMR] Reload all CSS @ webpack-internal:///./node_modules/@rspack/core/dist/cssExtractHmr.js:109
[    9421ms] [LOG] [HMR] Reload all CSS @ webpack-internal:///./node_modules/@rspack/core/dist/cssExtractHmr.js:109
[    9639ms] [LOG] [HMR] Reload all CSS @ webpack-internal:///./node_modules/@rspack/core/dist/cssExtractHmr.js:109
[    9866ms] [LOG] [HMR] Reload all CSS @ webpack-internal:///./node_modules/@rspack/core/dist/cssExtractHmr.js:109
[   10076ms] [LOG] [HMR] Reload all CSS @ webpack-internal:///./node_modules/@rspack/core/dist/cssExtractHmr.js:109
[   10296ms] [LOG] [HMR] Reload all CSS @ webpack-internal:///./node_modules/@rspack/core/dist/cssExtractHmr.js:109
[   10542ms] [LOG] [HMR] Reload all CSS @ webpack-internal:///./node_modules/@rspack/core/dist/cssExtractHmr.js:109
[   10743ms] [LOG] [HMR] Reload all CSS @ webpack-internal:///./node_modules/@rspack/core/dist/cssExtractHmr.js:109
[   10967ms] [LOG] [HMR] Reload all CSS @ webpack-internal:///./node_modules/@rspack/core/dist/cssExtractHmr.js:109
[   11194ms] [LOG] [HMR] Reload all CSS @ webpack-internal:///./node_modules/@rspack/core/dist/cssExtractHmr.js:109
[   11415ms] [LOG] [HMR] Reload all CSS @ webpack-internal:///./node_modules/@rspack/core/dist/cssExtractHmr.js:109
[   11631ms] [LOG] [HMR] Reload all CSS @ webpack-internal:///./node_modules/@rspack/core/dist/cssExtractHmr.js:109
[   11863ms] [LOG] [HMR] Reload all CSS @ webpack-internal:///./node_modules/@rspack/core/dist/cssExtractHmr.js:109
[   12084ms] [LOG] [HMR] Reload all CSS @ webpack-internal:///./node_modules/@rspack/core/dist/cssExtractHmr.js:109
[   12302ms] [LOG] [HMR] Reload all CSS @ webpack-internal:///./node_modules/@rspack/core/dist/cssExtractHmr.js:109
[   12518ms] [LOG] [HMR] Reload all CSS @ webpack-internal:///./node_modules/@rspack/core/dist/cssExtractHmr.js:109
[   12742ms] [LOG] [HMR] Reload all CSS @ webpack-internal:///./node_modules/@rspack/core/dist/cssExtractHmr.js:109
[   12970ms] [LOG] [HMR] Reload all CSS @ webpack-internal:///./node_modules/@rspack/core/dist/cssExtractHmr.js:109
[   13192ms] [LOG] [HMR] Reload all CSS @ webpack-internal:///./node_modules/@rspack/core/dist/cssExtractHmr.js:109
[   13421ms] [LOG] [HMR] Reload all CSS @ webpack-internal:///./node_modules/@rspack/core/dist/cssExtractHmr.js:109
[   13636ms] [LOG] [HMR] Reload all CSS @ webpack-internal:///./node_modules/@rspack/core/dist/cssExtractHmr.js:109
[   13870ms] [LOG] [HMR] Reload all CSS @ webpack-internal:///./node_modules/@rspack/core/dist/cssExtractHmr.js:109
[   14085ms] [LOG] [HMR] Reload all CSS @ webpack-internal:///./node_modules/@rspack/core/dist/cssExtractHmr.js:109
[   14301ms] [LOG] [HMR] Reload all CSS @ webpack-internal:///./node_modules/@rspack/core/dist/cssExtractHmr.js:109
[   14537ms] [LOG] [HMR] Reload all CSS @ webpack-internal:///./node_modules/@rspack/core/dist/cssExtractHmr.js:109
[   14750ms] [LOG] [HMR] Reload all CSS @ webpack-internal:///./node_modules/@rspack/core/dist/cssExtractHmr.js:109
[   14978ms] [LOG] [HMR] Reload all CSS @ webpack-internal:///./node_modules/@rspack/core/dist/cssExtractHmr.js:109
[   15191ms] [LOG] [HMR] Reload all CSS @ webpack-internal:///./node_modules/@rspack/core/dist/cssExtractHmr.js:109
[   15420ms] [LOG] [HMR] Reload all CSS @ webpack-internal:///./node_modules/@rspack/core/dist/cssExtractHmr.js:109
[   15649ms] [LOG] [HMR] Reload all CSS @ webpack-internal:///./node_modules/@rspack/core/dist/cssExtractHmr.js:109
[   15899ms] [LOG] [HMR] Reload all CSS @ webpack-internal:///./node_modules/@rspack/core/dist/cssExtractHmr.js:109
[   16101ms] [LOG] [HMR] Reload all CSS @ webpack-internal:///./node_modules/@rspack/core/dist/cssExtractHmr.js:109
[   16330ms] [LOG] [HMR] Reload all CSS @ webpack-internal:///./node_modules/@rspack/core/dist/cssExtractHmr.js:109
[   16552ms] [LOG] [HMR] Reload all CSS @ webpack-internal:///./node_modules/@rspack/core/dist/cssExtractHmr.js:109
[   16784ms] [LOG] [HMR] Reload all CSS @ webpack-internal:///./node_modules/@rspack/core/dist/cssExtractHmr.js:109
[   17009ms] [LOG] [HMR] Reload all CSS @ webpack-internal:///./node_modules/@rspack/core/dist/cssExtractHmr.js:109
[   17245ms] [LOG] [HMR] Reload all CSS @ webpack-internal:///./node_modules/@rspack/core/dist/cssExtractHmr.js:109
[   17475ms] [LOG] [HMR] Reload all CSS @ webpack-internal:///./node_modules/@rspack/core/dist/cssExtractHmr.js:109
[   17708ms] [LOG] [HMR] Reload all CSS @ webpack-internal:///./node_modules/@rspack/core/dist/cssExtractHmr.js:109
[   17938ms] [LOG] [HMR] Reload all CSS @ webpack-internal:///./node_modules/@rspack/core/dist/cssExtractHmr.js:109
[   18159ms] [LOG] [HMR] Reload all CSS @ webpack-internal:///./node_modules/@rspack/core/dist/cssExtractHmr.js:109
[   18398ms] [LOG] [HMR] Reload all CSS @ webpack-internal:///./node_modules/@rspack/core/dist/cssExtractHmr.js:109
[   18624ms] [LOG] [HMR] Reload all CSS @ webpack-internal:///./node_modules/@rspack/core/dist/cssExtractHmr.js:109
[   18867ms] [LOG] [HMR] Reload all CSS @ webpack-internal:///./node_modules/@rspack/core/dist/cssExtractHmr.js:109
[   19075ms] [LOG] [HMR] Reload all CSS @ webpack-internal:///./node_modules/@rspack/core/dist/cssExtractHmr.js:109
[   19314ms] [LOG] [HMR] Reload all CSS @ webpack-internal:///./node_modules/@rspack/core/dist/cssExtractHmr.js:109
[   19532ms] [LOG] [HMR] Reload all CSS @ webpack-internal:///./node_modules/@rspack/core/dist/cssExtractHmr.js:109
[   19758ms] [LOG] [HMR] Reload all CSS @ webpack-internal:///./node_modules/@rspack/core/dist/cssExtractHmr.js:109
[   19988ms] [LOG] [HMR] Reload all CSS @ webpack-internal:///./node_modules/@rspack/core/dist/cssExtractHmr.js:109
[   20218ms] [LOG] [HMR] Reload all CSS @ webpack-internal:///./node_modules/@rspack/core/dist/cssExtractHmr.js:109
[   20451ms] [LOG] [HMR] Reload all CSS @ webpack-internal:///./node_modules/@rspack/core/dist/cssExtractHmr.js:109
[   20679ms] [LOG] [HMR] Reload all CSS @ webpack-internal:///./node_modules/@rspack/core/dist/cssExtractHmr.js:109
[   20916ms] [LOG] [HMR] Reload all CSS @ webpack-internal:///./node_modules/@rspack/core/dist/cssExtractHmr.js:109
[   21114ms] [LOG] [HMR] Reload all CSS @ webpack-internal:///./node_modules/@rspack/core/dist/cssExtractHmr.js:109
[   21339ms] [LOG] [HMR] Reload all CSS @ webpack-internal:///./node_modules/@rspack/core/dist/cssExtractHmr.js:109
[   21561ms] [LOG] [HMR] Reload all CSS @ webpack-internal:///./node_modules/@rspack/core/dist/cssExtractHmr.js:109
[   21801ms] [LOG] [HMR] Reload all CSS @ webpack-internal:///./node_modules/@rspack/core/dist/cssExtractHmr.js:109
[   22037ms] [LOG] [HMR] Reload all CSS @ webpack-internal:///./node_modules/@rspack/core/dist/cssExtractHmr.js:109
[   22254ms] [LOG] [HMR] Reload all CSS @ webpack-internal:///./node_modules/@rspack/core/dist/cssExtractHmr.js:109
[   22482ms] [LOG] [HMR] Reload all CSS @ webpack-internal:///./node_modules/@rspack/core/dist/cssExtractHmr.js:109
[   22700ms] [LOG] [HMR] Reload all CSS @ webpack-internal:///./node_modules/@rspack/core/dist/cssExtractHmr.js:109
[   22943ms] [LOG] [HMR] Reload all CSS @ webpack-internal:///./node_modules/@rspack/core/dist/cssExtractHmr.js:109
[   23154ms] [LOG] [HMR] Reload all CSS @ webpack-internal:///./node_modules/@rspack/core/dist/cssExtractHmr.js:109
[   23371ms] [LOG] [HMR] Reload all CSS @ webpack-internal:///./node_modules/@rspack/core/dist/cssExtractHmr.js:109
[   23593ms] [LOG] [HMR] Reload all CSS @ webpack-internal:///./node_modules/@rspack/core/dist/cssExtractHmr.js:109
[   23815ms] [LOG] [HMR] Reload all CSS @ webpack-internal:///./node_modules/@rspack/core/dist/cssExtractHmr.js:109
[   24034ms] [LOG] [HMR] Reload all CSS @ webpack-internal:///./node_modules/@rspack/core/dist/cssExtractHmr.js:109
[   24259ms] [LOG] [HMR] Reload all CSS @ webpack-internal:///./node_modules/@rspack/core/dist/cssExtractHmr.js:109
[   24488ms] [LOG] [HMR] Reload all CSS @ webpack-internal:///./node_modules/@rspack/core/dist/cssExtractHmr.js:109
[   24711ms] [LOG] [HMR] Reload all CSS @ webpack-internal:///./node_modules/@rspack/core/dist/cssExtractHmr.js:109
[   24946ms] [LOG] [HMR] Reload all CSS @ webpack-internal:///./node_modules/@rspack/core/dist/cssExtractHmr.js:109
[   25180ms] [LOG] [HMR] Reload all CSS @ webpack-internal:///./node_modules/@rspack/core/dist/cssExtractHmr.js:109
[   25398ms] [LOG] [HMR] Reload all CSS @ webpack-internal:///./node_modules/@rspack/core/dist/cssExtractHmr.js:109
[   25632ms] [LOG] [HMR] Reload all CSS @ webpack-internal:///./node_modules/@rspack/core/dist/cssExtractHmr.js:109
[   25846ms] [LOG] [HMR] Reload all CSS @ webpack-internal:///./node_modules/@rspack/core/dist/cssExtractHmr.js:109
[   26066ms] [LOG] [HMR] Reload all CSS @ webpack-internal:///./node_modules/@rspack/core/dist/cssExtractHmr.js:109
[   26291ms] [LOG] [HMR] Reload all CSS @ webpack-internal:///./node_modules/@rspack/core/dist/cssExtractHmr.js:109
[   26516ms] [LOG] [HMR] Reload all CSS @ webpack-internal:///./node_modules/@rspack/core/dist/cssExtractHmr.js:109
[   26738ms] [LOG] [HMR] Reload all CSS @ webpack-internal:///./node_modules/@rspack/core/dist/cssExtractHmr.js:109
[   26962ms] [LOG] [HMR] Reload all CSS @ webpack-internal:///./node_modules/@rspack/core/dist/cssExtractHmr.js:109
[   27179ms] [LOG] [HMR] Reload all CSS @ webpack-internal:///./node_modules/@rspack/core/dist/cssExtractHmr.js:109
[   27417ms] [LOG] [HMR] Reload all CSS @ webpack-internal:///./node_modules/@rspack/core/dist/cssExtractHmr.js:109
[   27638ms] [LOG] [HMR] Reload all CSS @ webpack-internal:///./node_modules/@rspack/core/dist/cssExtractHmr.js:109
[   27859ms] [LOG] [HMR] Reload all CSS @ webpack-internal:///./node_modules/@rspack/core/dist/cssExtractHmr.js:109
[   28082ms] [LOG] [HMR] Reload all CSS @ webpack-internal:///./node_modules/@rspack/core/dist/cssExtractHmr.js:109
[   28313ms] [LOG] [HMR] Reload all CSS @ webpack-internal:///./node_modules/@rspack/core/dist/cssExtractHmr.js:109
[   28541ms] [LOG] [HMR] Reload all CSS @ webpack-internal:///./node_modules/@rspack/core/dist/cssExtractHmr.js:109
[   28768ms] [LOG] [HMR] Reload all CSS @ webpack-internal:///./node_modules/@rspack/core/dist/cssExtractHmr.js:109
[   28992ms] [LOG] [HMR] Reload all CSS @ webpack-internal:///./node_modules/@rspack/core/dist/cssExtractHmr.js:109
[   29225ms] [LOG] [HMR] Reload all CSS @ webpack-internal:///./node_modules/@rspack/core/dist/cssExtractHmr.js:109
[   29456ms] [LOG] [HMR] Reload all CSS @ webpack-internal:///./node_modules/@rspack/core/dist/cssExtractHmr.js:109
[   29675ms] [LOG] [HMR] Reload all CSS @ webpack-internal:///./node_modules/@rspack/core/dist/cssExtractHmr.js:109
[   29922ms] [LOG] [HMR] Reload all CSS @ webpack-internal:///./node_modules/@rspack/core/dist/cssExtractHmr.js:109
[   30118ms] [LOG] [HMR] Reload all CSS @ webpack-internal:///./node_modules/@rspack/core/dist/cssExtractHmr.js:109
[   30341ms] [LOG] [HMR] Reload all CSS @ webpack-internal:///./node_modules/@rspack/core/dist/cssExtractHmr.js:109
[   30568ms] [LOG] [HMR] Reload all CSS @ webpack-internal:///./node_modules/@rspack/core/dist/cssExtractHmr.js:109
[   30797ms] [LOG] [HMR] Reload all CSS @ webpack-internal:///./node_modules/@rspack/core/dist/cssExtractHmr.js:109
[   31064ms] [LOG] [HMR] Reload all CSS @ webpack-internal:///./node_modules/@rspack/core/dist/cssExtractHmr.js:109
[   31307ms] [LOG] [HMR] Reload all CSS @ webpack-internal:///./node_modules/@rspack/core/dist/cssExtractHmr.js:109
[   31545ms] [LOG] [HMR] Reload all CSS @ webpack-internal:///./node_modules/@rspack/core/dist/cssExtractHmr.js:109
[   31768ms] [LOG] [HMR] Reload all CSS @ webpack-internal:///./node_modules/@rspack/core/dist/cssExtractHmr.js:109
[   32009ms] [LOG] [HMR] Reload all CSS @ webpack-internal:///./node_modules/@rspack/core/dist/cssExtractHmr.js:109
[   32241ms] [LOG] [HMR] Reload all CSS @ webpack-internal:///./node_modules/@rspack/core/dist/cssExtractHmr.js:109
[   32463ms] [LOG] [HMR] Reload all CSS @ webpack-internal:///./node_modules/@rspack/core/dist/cssExtractHmr.js:109
[   32681ms] [LOG] [HMR] Reload all CSS @ webpack-internal:///./node_modules/@rspack/core/dist/cssExtractHmr.js:109
[   32944ms] [LOG] [HMR] Reload all CSS @ webpack-internal:///./node_modules/@rspack/core/dist/cssExtractHmr.js:109
[   33145ms] [LOG] [HMR] Reload all CSS @ webpack-internal:///./node_modules/@rspack/core/dist/cssExtractHmr.js:109
[   33370ms] [LOG] [HMR] Reload all CSS @ webpack-internal:///./node_modules/@rspack/core/dist/cssExtractHmr.js:109
[   33598ms] [LOG] [HMR] Reload all CSS @ webpack-internal:///./node_modules/@rspack/core/dist/cssExtractHmr.js:109
[   33826ms] [LOG] [HMR] Reload all CSS @ webpack-internal:///./node_modules/@rspack/core/dist/cssExtractHmr.js:109
[   34062ms] [LOG] [HMR] Reload all CSS @ webpack-internal:///./node_modules/@rspack/core/dist/cssExtractHmr.js:109
[   34290ms] [LOG] [HMR] Reload all CSS @ webpack-internal:///./node_modules/@rspack/core/dist/cssExtractHmr.js:109
[   34514ms] [LOG] [HMR] Reload all CSS @ webpack-internal:///./node_modules/@rspack/core/dist/cssExtractHmr.js:109
[   34746ms] [LOG] [HMR] Reload all CSS @ webpack-internal:///./node_modules/@rspack/core/dist/cssExtractHmr.js:109
[   35006ms] [LOG] [HMR] Reload all CSS @ webpack-internal:///./node_modules/@rspack/core/dist/cssExtractHmr.js:109
[   35221ms] [LOG] [HMR] Reload all CSS @ webpack-internal:///./node_modules/@rspack/core/dist/cssExtractHmr.js:109
[   35457ms] [LOG] [HMR] Reload all CSS @ webpack-internal:///./node_modules/@rspack/core/dist/cssExtractHmr.js:109
[   35681ms] [LOG] [HMR] Reload all CSS @ webpack-internal:///./node_modules/@rspack/core/dist/cssExtractHmr.js:109
[   35902ms] [LOG] [HMR] Reload all CSS @ webpack-internal:///./node_modules/@rspack/core/dist/cssExtractHmr.js:109
[   36135ms] [LOG] [HMR] Reload all CSS @ webpack-internal:///./node_modules/@rspack/core/dist/cssExtractHmr.js:109
[   36368ms] [LOG] [HMR] Reload all CSS @ webpack-internal:///./node_modules/@rspack/core/dist/cssExtractHmr.js:109
[   36597ms] [LOG] [HMR] Reload all CSS @ webpack-internal:///./node_modules/@rspack/core/dist/cssExtractHmr.js:109
[   36821ms] [LOG] [HMR] Reload all CSS @ webpack-internal:///./node_modules/@rspack/core/dist/cssExtractHmr.js:109
[   37060ms] [LOG] [HMR] Reload all CSS @ webpack-internal:///./node_modules/@rspack/core/dist/cssExtractHmr.js:109
[   37284ms] [LOG] [HMR] Reload all CSS @ webpack-internal:///./node_modules/@rspack/core/dist/cssExtractHmr.js:109
[   37565ms] [LOG] [HMR] Reload all CSS @ webpack-internal:///./node_modules/@rspack/core/dist/cssExtractHmr.js:109
[   37798ms] [LOG] [HMR] Reload all CSS @ webpack-internal:///./node_modules/@rspack/core/dist/cssExtractHmr.js:109
[   38015ms] [LOG] [HMR] Reload all CSS @ webpack-internal:///./node_modules/@rspack/core/dist/cssExtractHmr.js:109
[   38239ms] [LOG] [HMR] Reload all CSS @ webpack-internal:///./node_modules/@rspack/core/dist/cssExtractHmr.js:109
[   38474ms] [LOG] [HMR] Reload all CSS @ webpack-internal:///./node_modules/@rspack/core/dist/cssExtractHmr.js:109
[   38707ms] [LOG] [HMR] Reload all CSS @ webpack-internal:///./node_modules/@rspack/core/dist/cssExtractHmr.js:109
[   38931ms] [LOG] [HMR] Reload all CSS @ webpack-internal:///./node_modules/@rspack/core/dist/cssExtractHmr.js:109
[   39158ms] [LOG] [HMR] Reload all CSS @ webpack-internal:///./node_modules/@rspack/core/dist/cssExtractHmr.js:109
[   39395ms] [LOG] [HMR] Reload all CSS @ webpack-internal:///./node_modules/@rspack/core/dist/cssExtractHmr.js:109
[   39620ms] [LOG] [HMR] Reload all CSS @ webpack-internal:///./node_modules/@rspack/core/dist/cssExtractHmr.js:109
[   39860ms] [LOG] [HMR] Reload all CSS @ webpack-internal:///./node_modules/@rspack/core/dist/cssExtractHmr.js:109
[   40088ms] [LOG] [HMR] Reload all CSS @ webpack-internal:///./node_modules/@rspack/core/dist/cssExtractHmr.js:109
[   40309ms] [LOG] [HMR] Reload all CSS @ webpack-internal:///./node_modules/@rspack/core/dist/cssExtractHmr.js:109
[   40539ms] [LOG] [HMR] Reload all CSS @ webpack-internal:///./node_modules/@rspack/core/dist/cssExtractHmr.js:109
[   40767ms] [LOG] [HMR] Reload all CSS @ webpack-internal:///./node_modules/@rspack/core/dist/cssExtractHmr.js:109
[   40998ms] [LOG] [HMR] Reload all CSS @ webpack-internal:///./node_modules/@rspack/core/dist/cssExtractHmr.js:109
[   41227ms] [LOG] [HMR] Reload all CSS @ webpack-internal:///./node_modules/@rspack/core/dist/cssExtractHmr.js:109
[   41455ms] [LOG] [HMR] Reload all CSS @ webpack-internal:///./node_modules/@rspack/core/dist/cssExtractHmr.js:109
[   41688ms] [LOG] [HMR] Reload all CSS @ webpack-internal:///./node_modules/@rspack/core/dist/cssExtractHmr.js:109
[   41921ms] [LOG] [HMR] Reload all CSS @ webpack-internal:///./node_modules/@rspack/core/dist/cssExtractHmr.js:109
[   42171ms] [LOG] [HMR] Reload all CSS @ webpack-internal:///./node_modules/@rspack/core/dist/cssExtractHmr.js:109
[   42381ms] [LOG] [HMR] Reload all CSS @ webpack-internal:///./node_modules/@rspack/core/dist/cssExtractHmr.js:109
[   42612ms] [LOG] [HMR] Reload all CSS @ webpack-internal:///./node_modules/@rspack/core/dist/cssExtractHmr.js:109
[   42831ms] [LOG] [HMR] Reload all CSS @ webpack-internal:///./node_modules/@rspack/core/dist/cssExtractHmr.js:109
[   43062ms] [LOG] [HMR] Reload all CSS @ webpack-internal:///./node_modules/@rspack/core/dist/cssExtractHmr.js:109
[   43296ms] [LOG] [HMR] Reload all CSS @ webpack-internal:///./node_modules/@rspack/core/dist/cssExtractHmr.js:109
[   43526ms] [LOG] [HMR] Reload all CSS @ webpack-internal:///./node_modules/@rspack/core/dist/cssExtractHmr.js:109
[   43756ms] [LOG] [HMR] Reload all CSS @ webpack-internal:///./node_modules/@rspack/core/dist/cssExtractHmr.js:109
[   43989ms] [LOG] [HMR] Reload all CSS @ webpack-internal:///./node_modules/@rspack/core/dist/cssExtractHmr.js:109
[   44228ms] [LOG] [HMR] Reload all CSS @ webpack-internal:///./node_modules/@rspack/core/dist/cssExtractHmr.js:109
[   44451ms] [LOG] [HMR] Reload all CSS @ webpack-internal:///./node_modules/@rspack/core/dist/cssExtractHmr.js:109
[   44686ms] [LOG] [HMR] Reload all CSS @ webpack-internal:///./node_modules/@rspack/core/dist/cssExtractHmr.js:109
[   44918ms] [LOG] [HMR] Reload all CSS @ webpack-internal:///./node_modules/@rspack/core/dist/cssExtractHmr.js:109
[   45145ms] [LOG] [HMR] Reload all CSS @ webpack-internal:///./node_modules/@rspack/core/dist/cssExtractHmr.js:109
[   45382ms] [LOG] [HMR] Reload all CSS @ webpack-internal:///./node_modules/@rspack/core/dist/cssExtractHmr.js:109
[   45604ms] [LOG] [HMR] Reload all CSS @ webpack-internal:///./node_modules/@rspack/core/dist/cssExtractHmr.js:109
[   45836ms] [LOG] [HMR] Reload all CSS @ webpack-internal:///./node_modules/@rspack/core/dist/cssExtractHmr.js:109
[   46079ms] [LOG] [HMR] Reload all CSS @ webpack-internal:///./node_modules/@rspack/core/dist/cssExtractHmr.js:109
[   46308ms] [LOG] [HMR] Reload all CSS @ webpack-internal:///./node_modules/@rspack/core/dist/cssExtractHmr.js:109
[   46557ms] [LOG] [HMR] Reload all CSS @ webpack-internal:///./node_modules/@rspack/core/dist/cssExtractHmr.js:109
[   46784ms] [LOG] [HMR] Reload all CSS @ webpack-internal:///./node_modules/@rspack/core/dist/cssExtractHmr.js:109
[   47012ms] [LOG] [HMR] Reload all CSS @ webpack-internal:///./node_modules/@rspack/core/dist/cssExtractHmr.js:109
[   47254ms] [LOG] [HMR] Reload all CSS @ webpack-internal:///./node_modules/@rspack/core/dist/cssExtractHmr.js:109
[   47488ms] [LOG] [HMR] Reload all CSS @ webpack-internal:///./node_modules/@rspack/core/dist/cssExtractHmr.js:109
[   47697ms] [LOG] [HMR] Reload all CSS @ webpack-internal:///./node_modules/@rspack/core/dist/cssExtractHmr.js:109
[   47927ms] [LOG] [HMR] Reload all CSS @ webpack-internal:///./node_modules/@rspack/core/dist/cssExtractHmr.js:109
[   48156ms] [LOG] [HMR] Reload all CSS @ webpack-internal:///./node_modules/@rspack/core/dist/cssExtractHmr.js:109
[   48379ms] [LOG] [HMR] Reload all CSS @ webpack-internal:///./node_modules/@rspack/core/dist/cssExtractHmr.js:109
[   48643ms] [LOG] [HMR] Reload all CSS @ webpack-internal:///./node_modules/@rspack/core/dist/cssExtractHmr.js:109
[   48853ms] [LOG] [HMR] Reload all CSS @ webpack-internal:///./node_modules/@rspack/core/dist/cssExtractHmr.js:109
[   49099ms] [LOG] [HMR] Reload all CSS @ webpack-internal:///./node_modules/@rspack/core/dist/cssExtractHmr.js:109
[   49340ms] [LOG] [HMR] Reload all CSS @ webpack-internal:///./node_modules/@rspack/core/dist/cssExtractHmr.js:109
[   49571ms] [LOG] [HMR] Reload all CSS @ webpack-internal:///./node_modules/@rspack/core/dist/cssExtractHmr.js:109
[   49803ms] [LOG] [HMR] Reload all CSS @ webpack-internal:///./node_modules/@rspack/core/dist/cssExtractHmr.js:109
[   50034ms] [LOG] [HMR] Reload all CSS @ webpack-internal:///./node_modules/@rspack/core/dist/cssExtractHmr.js:109
[   50268ms] [LOG] [HMR] Reload all CSS @ webpack-internal:///./node_modules/@rspack/core/dist/cssExtractHmr.js:109
[   50501ms] [LOG] [HMR] Reload all CSS @ webpack-internal:///./node_modules/@rspack/core/dist/cssExtractHmr.js:109
[   50735ms] [LOG] [HMR] Reload all CSS @ webpack-internal:///./node_modules/@rspack/core/dist/cssExtractHmr.js:109
[   50969ms] [LOG] [HMR] Reload all CSS @ webpack-internal:///./node_modules/@rspack/core/dist/cssExtractHmr.js:109
[   51205ms] [LOG] [HMR] Reload all CSS @ webpack-internal:///./node_modules/@rspack/core/dist/cssExtractHmr.js:109
[   51453ms] [LOG] [HMR] Reload all CSS @ webpack-internal:///./node_modules/@rspack/core/dist/cssExtractHmr.js:109
[   51678ms] [LOG] [HMR] Reload all CSS @ webpack-internal:///./node_modules/@rspack/core/dist/cssExtractHmr.js:109
[   51918ms] [LOG] [HMR] Reload all CSS @ webpack-internal:///./node_modules/@rspack/core/dist/cssExtractHmr.js:109
[   52168ms] [LOG] [HMR] Reload all CSS @ webpack-internal:///./node_modules/@rspack/core/dist/cssExtractHmr.js:109
[   52380ms] [LOG] [HMR] Reload all CSS @ webpack-internal:///./node_modules/@rspack/core/dist/cssExtractHmr.js:109
[   52639ms] [LOG] [HMR] Reload all CSS @ webpack-internal:///./node_modules/@rspack/core/dist/cssExtractHmr.js:109
[   52866ms] [LOG] [HMR] Reload all CSS @ webpack-internal:///./node_modules/@rspack/core/dist/cssExtractHmr.js:109
[   53107ms] [LOG] [HMR] Reload all CSS @ webpack-internal:///./node_modules/@rspack/core/dist/cssExtractHmr.js:109
[   53347ms] [LOG] [HMR] Reload all CSS @ webpack-internal:///./node_modules/@rspack/core/dist/cssExtractHmr.js:109
[   53573ms] [LOG] [HMR] Reload all CSS @ webpack-internal:///./node_modules/@rspack/core/dist/cssExtractHmr.js:109
[   53828ms] [LOG] [HMR] Reload all CSS @ webpack-internal:///./node_modules/@rspack/core/dist/cssExtractHmr.js:109
[   54082ms] [LOG] [HMR] Reload all CSS @ webpack-internal:///./node_modules/@rspack/core/dist/cssExtractHmr.js:109
[   54298ms] [LOG] [HMR] Reload all CSS @ webpack-internal:///./node_modules/@rspack/core/dist/cssExtractHmr.js:109
[   54546ms] [LOG] [HMR] Reload all CSS @ webpack-internal:///./node_modules/@rspack/core/dist/cssExtractHmr.js:109
[   54791ms] [LOG] [HMR] Reload all CSS @ webpack-internal:///./node_modules/@rspack/core/dist/cssExtractHmr.js:109
[   55029ms] [LOG] [HMR] Reload all CSS @ webpack-internal:///./node_modules/@rspack/core/dist/cssExtractHmr.js:109
[   55261ms] [LOG] [HMR] Reload all CSS @ webpack-internal:///./node_modules/@rspack/core/dist/cssExtractHmr.js:109
[   55480ms] [LOG] [HMR] Reload all CSS @ webpack-internal:///./node_modules/@rspack/core/dist/cssExtractHmr.js:109
[   55716ms] [LOG] [HMR] Reload all CSS @ webpack-internal:///./node_modules/@rspack/core/dist/cssExtractHmr.js:109
[   55963ms] [LOG] [HMR] Reload all CSS @ webpack-internal:///./node_modules/@rspack/core/dist/cssExtractHmr.js:109
[   56200ms] [LOG] [HMR] Reload all CSS @ webpack-internal:///./node_modules/@rspack/core/dist/cssExtractHmr.js:109
[   56437ms] [LOG] [HMR] Reload all CSS @ webpack-internal:///./node_modules/@rspack/core/dist/cssExtractHmr.js:109
[   56677ms] [LOG] [HMR] Reload all CSS @ webpack-internal:///./node_modules/@rspack/core/dist/cssExtractHmr.js:109
[   56913ms] [LOG] [HMR] Reload all CSS @ webpack-internal:///./node_modules/@rspack/core/dist/cssExtractHmr.js:109
[   57143ms] [LOG] [HMR] Reload all CSS @ webpack-internal:///./node_modules/@rspack/core/dist/cssExtractHmr.js:109
[   57380ms] [LOG] [HMR] Reload all CSS @ webpack-internal:///./node_modules/@rspack/core/dist/cssExtractHmr.js:109
[   57617ms] [LOG] [HMR] Reload all CSS @ webpack-internal:///./node_modules/@rspack/core/dist/cssExtractHmr.js:109
[   57857ms] [LOG] [HMR] Reload all CSS @ webpack-internal:///./node_modules/@rspack/core/dist/cssExtractHmr.js:109
[   58083ms] [LOG] [HMR] Reload all CSS @ webpack-internal:///./node_modules/@rspack/core/dist/cssExtractHmr.js:109
[   58323ms] [LOG] [HMR] Reload all CSS @ webpack-internal:///./node_modules/@rspack/core/dist/cssExtractHmr.js:109
[   58547ms] [LOG] [HMR] Reload all CSS @ webpack-internal:///./node_modules/@rspack/core/dist/cssExtractHmr.js:109
[   58773ms] [LOG] [HMR] Reload all CSS @ webpack-internal:///./node_modules/@rspack/core/dist/cssExtractHmr.js:109
[   59038ms] [LOG] [HMR] Reload all CSS @ webpack-internal:///./node_modules/@rspack/core/dist/cssExtractHmr.js:109
[   59248ms] [LOG] [HMR] Reload all CSS @ webpack-internal:///./node_modules/@rspack/core/dist/cssExtractHmr.js:109
[   59479ms] [LOG] [HMR] Reload all CSS @ webpack-internal:///./node_modules/@rspack/core/dist/cssExtractHmr.js:109
[   59723ms] [LOG] [HMR] Reload all CSS @ webpack-internal:///./node_modules/@rspack/core/dist/cssExtractHmr.js:109
[   59971ms] [LOG] [HMR] Reload all CSS @ webpack-internal:///./node_modules/@rspack/core/dist/cssExtractHmr.js:109
[   60232ms] [LOG] [HMR] Reload all CSS @ webpack-internal:///./node_modules/@rspack/core/dist/cssExtractHmr.js:109
[   60443ms] [LOG] [HMR] Reload all CSS @ webpack-internal:///./node_modules/@rspack/core/dist/cssExtractHmr.js:109
[   60687ms] [LOG] [HMR] Reload all CSS @ webpack-internal:///./node_modules/@rspack/core/dist/cssExtractHmr.js:109
[   60920ms] [LOG] [HMR] Reload all CSS @ webpack-internal:///./node_modules/@rspack/core/dist/cssExtractHmr.js:109
[   61132ms] [LOG] [HMR] Reload all CSS @ webpack-internal:///./node_modules/@rspack/core/dist/cssExtractHmr.js:109
[   61365ms] [LOG] [HMR] Reload all CSS @ webpack-internal:///./node_modules/@rspack/core/dist/cssExtractHmr.js:109
[   61598ms] [LOG] [HMR] Reload all CSS @ webpack-internal:///./node_modules/@rspack/core/dist/cssExtractHmr.js:109
[   61823ms] [LOG] [HMR] Reload all CSS @ webpack-internal:///./node_modules/@rspack/core/dist/cssExtractHmr.js:109
[   62062ms] [LOG] [HMR] Reload all CSS @ webpack-internal:///./node_modules/@rspack/core/dist/cssExtractHmr.js:109
[   62301ms] [LOG] [HMR] Reload all CSS @ webpack-internal:///./node_modules/@rspack/core/dist/cssExtractHmr.js:109
[   62538ms] [LOG] [HMR] Reload all CSS @ webpack-internal:///./node_modules/@rspack/core/dist/cssExtractHmr.js:109
[   62779ms] [LOG] [HMR] Reload all CSS @ webpack-internal:///./node_modules/@rspack/core/dist/cssExtractHmr.js:109
[   63003ms] [LOG] [HMR] Reload all CSS @ webpack-internal:///./node_modules/@rspack/core/dist/cssExtractHmr.js:109
[   63237ms] [LOG] [HMR] Reload all CSS @ webpack-internal:///./node_modules/@rspack/core/dist/cssExtractHmr.js:109
[   63483ms] [LOG] [HMR] Reload all CSS @ webpack-internal:///./node_modules/@rspack/core/dist/cssExtractHmr.js:109
[   63706ms] [LOG] [HMR] Reload all CSS @ webpack-internal:///./node_modules/@rspack/core/dist/cssExtractHmr.js:109
[   63943ms] [LOG] [HMR] Reload all CSS @ webpack-internal:///./node_modules/@rspack/core/dist/cssExtractHmr.js:109
[   64165ms] [LOG] [HMR] Reload all CSS @ webpack-internal:///./node_modules/@rspack/core/dist/cssExtractHmr.js:109
[   64413ms] [LOG] [HMR] Reload all CSS @ webpack-internal:///./node_modules/@rspack/core/dist/cssExtractHmr.js:109
[   64674ms] [LOG] [HMR] Reload all CSS @ webpack-internal:///./node_modules/@rspack/core/dist/cssExtractHmr.js:109
[   64901ms] [LOG] [HMR] Reload all CSS @ webpack-internal:///./node_modules/@rspack/core/dist/cssExtractHmr.js:109
[   65132ms] [LOG] [HMR] Reload all CSS @ webpack-internal:///./node_modules/@rspack/core/dist/cssExtractHmr.js:109
[   65368ms] [LOG] [HMR] Reload all CSS @ webpack-internal:///./node_modules/@rspack/core/dist/cssExtractHmr.js:109
[   65611ms] [LOG] [HMR] Reload all CSS @ webpack-internal:///./node_modules/@rspack/core/dist/cssExtractHmr.js:109
[   65843ms] [LOG] [HMR] Reload all CSS @ webpack-internal:///./node_modules/@rspack/core/dist/cssExtractHmr.js:109
[   66087ms] [LOG] [HMR] Reload all CSS @ webpack-internal:///./node_modules/@rspack/core/dist/cssExtractHmr.js:109
[   66313ms] [LOG] [HMR] Reload all CSS @ webpack-internal:///./node_modules/@rspack/core/dist/cssExtractHmr.js:109
[   66552ms] [LOG] [HMR] Reload all CSS @ webpack-internal:///./node_modules/@rspack/core/dist/cssExtractHmr.js:109
[   66795ms] [LOG] [HMR] Reload all CSS @ webpack-internal:///./node_modules/@rspack/core/dist/cssExtractHmr.js:109
[   67042ms] [LOG] [HMR] Reload all CSS @ webpack-internal:///./node_modules/@rspack/core/dist/cssExtractHmr.js:109
[   67276ms] [LOG] [HMR] Reload all CSS @ webpack-internal:///./node_modules/@rspack/core/dist/cssExtractHmr.js:109
[   67515ms] [LOG] [HMR] Reload all CSS @ webpack-internal:///./node_modules/@rspack/core/dist/cssExtractHmr.js:109
[   67740ms] [LOG] [HMR] Reload all CSS @ webpack-internal:///./node_modules/@rspack/core/dist/cssExtractHmr.js:109
[   67948ms] [LOG] [HMR] Reload all CSS @ webpack-internal:///./node_modules/@rspack/core/dist/cssExtractHmr.js:109
[   68186ms] [LOG] [HMR] Reload all CSS @ webpack-internal:///./node_modules/@rspack/core/dist/cssExtractHmr.js:109
[   68427ms] [LOG] [HMR] Reload all CSS @ webpack-internal:///./node_modules/@rspack/core/dist/cssExtractHmr.js:109
[   68684ms] [LOG] [HMR] Reload all CSS @ webpack-internal:///./node_modules/@rspack/core/dist/cssExtractHmr.js:109
[   68916ms] [LOG] [HMR] Reload all CSS @ webpack-internal:///./node_modules/@rspack/core/dist/cssExtractHmr.js:109
[   69153ms] [LOG] [HMR] Reload all CSS @ webpack-internal:///./node_modules/@rspack/core/dist/cssExtractHmr.js:109
[   69378ms] [LOG] [HMR] Reload all CSS @ webpack-internal:///./node_modules/@rspack/core/dist/cssExtractHmr.js:109
[   69624ms] [LOG] [HMR] Reload all CSS @ webpack-internal:///./node_modules/@rspack/core/dist/cssExtractHmr.js:109
[   69846ms] [LOG] [HMR] Reload all CSS @ webpack-internal:///./node_modules/@rspack/core/dist/cssExtractHmr.js:109
[   70104ms] [LOG] [HMR] Reload all CSS @ webpack-internal:///./node_modules/@rspack/core/dist/cssExtractHmr.js:109
[   70342ms] [LOG] [HMR] Reload all CSS @ webpack-internal:///./node_modules/@rspack/core/dist/cssExtractHmr.js:109
[   70561ms] [LOG] [HMR] Reload all CSS @ webpack-internal:///./node_modules/@rspack/core/dist/cssExtractHmr.js:109
[   70798ms] [LOG] [HMR] Reload all CSS @ webpack-internal:///./node_modules/@rspack/core/dist/cssExtractHmr.js:109
[   71033ms] [LOG] [HMR] Reload all CSS @ webpack-internal:///./node_modules/@rspack/core/dist/cssExtractHmr.js:109
[   71272ms] [LOG] [HMR] Reload all CSS @ webpack-internal:///./node_modules/@rspack/core/dist/cssExtractHmr.js:109
[   71510ms] [LOG] [HMR] Reload all CSS @ webpack-internal:///./node_modules/@rspack/core/dist/cssExtractHmr.js:109
[   71749ms] [LOG] [HMR] Reload all CSS @ webpack-internal:///./node_modules/@rspack/core/dist/cssExtractHmr.js:109
[   71996ms] [LOG] [HMR] Reload all CSS @ webpack-internal:///./node_modules/@rspack/core/dist/cssExtractHmr.js:109
[   72232ms] [LOG] [HMR] Reload all CSS @ webpack-internal:///./node_modules/@rspack/core/dist/cssExtractHmr.js:109
[   72471ms] [LOG] [HMR] Reload all CSS @ webpack-internal:///./node_modules/@rspack/core/dist/cssExtractHmr.js:109
[   72685ms] [LOG] [HMR] Reload all CSS @ webpack-internal:///./node_modules/@rspack/core/dist/cssExtractHmr.js:109
[   72921ms] [LOG] [HMR] Reload all CSS @ webpack-internal:///./node_modules/@rspack/core/dist/cssExtractHmr.js:109
[   73180ms] [LOG] [HMR] Reload all CSS @ webpack-internal:///./node_modules/@rspack/core/dist/cssExtractHmr.js:109
[   73399ms] [LOG] [HMR] Reload all CSS @ webpack-internal:///./node_modules/@rspack/core/dist/cssExtractHmr.js:109
[   73648ms] [LOG] [HMR] Reload all CSS @ webpack-internal:///./node_modules/@rspack/core/dist/cssExtractHmr.js:109
[   73878ms] [LOG] [HMR] Reload all CSS @ webpack-internal:///./node_modules/@rspack/core/dist/cssExtractHmr.js:109
[   74129ms] [LOG] [HMR] Reload all CSS @ webpack-internal:///./node_modules/@rspack/core/dist/cssExtractHmr.js:109
[   74374ms] [LOG] [HMR] Reload all CSS @ webpack-internal:///./node_modules/@rspack/core/dist/cssExtractHmr.js:109
[   74618ms] [LOG] [HMR] Reload all CSS @ webpack-internal:///./node_modules/@rspack/core/dist/cssExtractHmr.js:109
[   74856ms] [LOG] [HMR] Reload all CSS @ webpack-internal:///./node_modules/@rspack/core/dist/cssExtractHmr.js:109
[   75098ms] [LOG] [HMR] Reload all CSS @ webpack-internal:///./node_modules/@rspack/core/dist/cssExtractHmr.js:109
[   75335ms] [LOG] [HMR] Reload all CSS @ webpack-internal:///./node_modules/@rspack/core/dist/cssExtractHmr.js:109
[   75571ms] [LOG] [HMR] Reload all CSS @ webpack-internal:///./node_modules/@rspack/core/dist/cssExtractHmr.js:109
[   75811ms] [LOG] [HMR] Reload all CSS @ webpack-internal:///./node_modules/@rspack/core/dist/cssExtractHmr.js:109
[   76051ms] [LOG] [HMR] Reload all CSS @ webpack-internal:///./node_modules/@rspack/core/dist/cssExtractHmr.js:109
[   76291ms] [LOG] [HMR] Reload all CSS @ webpack-internal:///./node_modules/@rspack/core/dist/cssExtractHmr.js:109
[   76526ms] [LOG] [HMR] Reload all CSS @ webpack-internal:///./node_modules/@rspack/core/dist/cssExtractHmr.js:109
[   76760ms] [LOG] [HMR] Reload all CSS @ webpack-internal:///./node_modules/@rspack/core/dist/cssExtractHmr.js:109
[   77000ms] [LOG] [HMR] Reload all CSS @ webpack-internal:///./node_modules/@rspack/core/dist/cssExtractHmr.js:109
[   77251ms] [LOG] [HMR] Reload all CSS @ webpack-internal:///./node_modules/@rspack/core/dist/cssExtractHmr.js:109
[   77475ms] [LOG] [HMR] Reload all CSS @ webpack-internal:///./node_modules/@rspack/core/dist/cssExtractHmr.js:109
[   77746ms] [LOG] [HMR] Reload all CSS @ webpack-internal:///./node_modules/@rspack/core/dist/cssExtractHmr.js:109
[   77984ms] [LOG] [HMR] Reload all CSS @ webpack-internal:///./node_modules/@rspack/core/dist/cssExtractHmr.js:109
[   78232ms] [LOG] [HMR] Reload all CSS @ webpack-internal:///./node_modules/@rspack/core/dist/cssExtractHmr.js:109
[   78476ms] [LOG] [HMR] Reload all CSS @ webpack-internal:///./node_modules/@rspack/core/dist/cssExtractHmr.js:109
[   78717ms] [LOG] [HMR] Reload all CSS @ webpack-internal:///./node_modules/@rspack/core/dist/cssExtractHmr.js:109
[   78948ms] [LOG] [HMR] Reload all CSS @ webpack-internal:///./node_modules/@rspack/core/dist/cssExtractHmr.js:109
[   79184ms] [LOG] [HMR] Reload all CSS @ webpack-internal:///./node_modules/@rspack/core/dist/cssExtractHmr.js:109
[   79418ms] [LOG] [HMR] Reload all CSS @ webpack-internal:///./node_modules/@rspack/core/dist/cssExtractHmr.js:109
[   79657ms] [LOG] [HMR] Reload all CSS @ webpack-internal:///./node_modules/@rspack/core/dist/cssExtractHmr.js:109
[   79898ms] [LOG] [HMR] Reload all CSS @ webpack-internal:///./node_modules/@rspack/core/dist/cssExtractHmr.js:109
[   80153ms] [LOG] [HMR] Reload all CSS @ webpack-internal:///./node_modules/@rspack/core/dist/cssExtractHmr.js:109
[   80387ms] [LOG] [HMR] Reload all CSS @ webpack-internal:///./node_modules/@rspack/core/dist/cssExtractHmr.js:109
[   80626ms] [LOG] [HMR] Reload all CSS @ webpack-internal:///./node_modules/@rspack/core/dist/cssExtractHmr.js:109
[   80868ms] [LOG] [HMR] Reload all CSS @ webpack-internal:///./node_modules/@rspack/core/dist/cssExtractHmr.js:109
[   81089ms] [LOG] [HMR] Reload all CSS @ webpack-internal:///./node_modules/@rspack/core/dist/cssExtractHmr.js:109
[   81359ms] [LOG] [HMR] Reload all CSS @ webpack-internal:///./node_modules/@rspack/core/dist/cssExtractHmr.js:109
[   81589ms] [LOG] [HMR] Reload all CSS @ webpack-internal:///./node_modules/@rspack/core/dist/cssExtractHmr.js:109
[   81831ms] [LOG] [HMR] Reload all CSS @ webpack-internal:///./node_modules/@rspack/core/dist/cssExtractHmr.js:109
[   82079ms] [LOG] [HMR] Reload all CSS @ webpack-internal:///./node_modules/@rspack/core/dist/cssExtractHmr.js:109
[   82317ms] [LOG] [HMR] Reload all CSS @ webpack-internal:///./node_modules/@rspack/core/dist/cssExtractHmr.js:109
[   82559ms] [LOG] [HMR] Reload all CSS @ webpack-internal:///./node_modules/@rspack/core/dist/cssExtractHmr.js:109
[   82802ms] [LOG] [HMR] Reload all CSS @ webpack-internal:///./node_modules/@rspack/core/dist/cssExtractHmr.js:109
[   83064ms] [LOG] [HMR] Reload all CSS @ webpack-internal:///./node_modules/@rspack/core/dist/cssExtractHmr.js:109
[   83308ms] [LOG] [HMR] Reload all CSS @ webpack-internal:///./node_modules/@rspack/core/dist/cssExtractHmr.js:109
[   83551ms] [LOG] [HMR] Reload all CSS @ webpack-internal:///./node_modules/@rspack/core/dist/cssExtractHmr.js:109
[   83839ms] [LOG] [HMR] Reload all CSS @ webpack-internal:///./node_modules/@rspack/core/dist/cssExtractHmr.js:109
[   84091ms] [LOG] [HMR] Reload all CSS @ webpack-internal:///./node_modules/@rspack/core/dist/cssExtractHmr.js:109
[   84343ms] [LOG] [HMR] Reload all CSS @ webpack-internal:///./node_modules/@rspack/core/dist/cssExtractHmr.js:109
[   84593ms] [LOG] [HMR] Reload all CSS @ webpack-internal:///./node_modules/@rspack/core/dist/cssExtractHmr.js:109
[   84835ms] [LOG] [HMR] Reload all CSS @ webpack-internal:///./node_modules/@rspack/core/dist/cssExtractHmr.js:109
[   85056ms] [LOG] [HMR] Reload all CSS @ webpack-internal:///./node_modules/@rspack/core/dist/cssExtractHmr.js:109
[   85294ms] [LOG] [HMR] Reload all CSS @ webpack-internal:///./node_modules/@rspack/core/dist/cssExtractHmr.js:109
[   85540ms] [LOG] [HMR] Reload all CSS @ webpack-internal:///./node_modules/@rspack/core/dist/cssExtractHmr.js:109
[   85785ms] [LOG] [HMR] Reload all CSS @ webpack-internal:///./node_modules/@rspack/core/dist/cssExtractHmr.js:109
[   86025ms] [LOG] [HMR] Reload all CSS @ webpack-internal:///./node_modules/@rspack/core/dist/cssExtractHmr.js:109
[   86268ms] [LOG] [HMR] Reload all CSS @ webpack-internal:///./node_modules/@rspack/core/dist/cssExtractHmr.js:109
[   86512ms] [LOG] [HMR] Reload all CSS @ webpack-internal:///./node_modules/@rspack/core/dist/cssExtractHmr.js:109
[   86723ms] [LOG] [HMR] Reload all CSS @ webpack-internal:///./node_modules/@rspack/core/dist/cssExtractHmr.js:109
[   86995ms] [LOG] [HMR] Reload all CSS @ webpack-internal:///./node_modules/@rspack/core/dist/cssExtractHmr.js:109
[   87237ms] [LOG] [HMR] Reload all CSS @ webpack-internal:///./node_modules/@rspack/core/dist/cssExtractHmr.js:109
[   87496ms] [LOG] [HMR] Reload all CSS @ webpack-internal:///./node_modules/@rspack/core/dist/cssExtractHmr.js:109
[   87724ms] [LOG] [HMR] Reload all CSS @ webpack-internal:///./node_modules/@rspack/core/dist/cssExtractHmr.js:109
[   87980ms] [LOG] [HMR] Reload all CSS @ webpack-internal:///./node_modules/@rspack/core/dist/cssExtractHmr.js:109
[   88236ms] [LOG] [HMR] Reload all CSS @ webpack-internal:///./node_modules/@rspack/core/dist/cssExtractHmr.js:109
[   88476ms] [LOG] [HMR] Reload all CSS @ webpack-internal:///./node_modules/@rspack/core/dist/cssExtractHmr.js:109
[   88728ms] [LOG] [HMR] Reload all CSS @ webpack-internal:///./node_modules/@rspack/core/dist/cssExtractHmr.js:109
[   88986ms] [LOG] [HMR] Reload all CSS @ webpack-internal:///./node_modules/@rspack/core/dist/cssExtractHmr.js:109
[   89237ms] [LOG] [HMR] Reload all CSS @ webpack-internal:///./node_modules/@rspack/core/dist/cssExtractHmr.js:109
[   89470ms] [LOG] [HMR] Reload all CSS @ webpack-internal:///./node_modules/@rspack/core/dist/cssExtractHmr.js:109
[   89706ms] [LOG] [HMR] Reload all CSS @ webpack-internal:///./node_modules/@rspack/core/dist/cssExtractHmr.js:109
[   89946ms] [LOG] [HMR] Reload all CSS @ webpack-internal:///./node_modules/@rspack/core/dist/cssExtractHmr.js:109
[   90227ms] [LOG] [HMR] Reload all CSS @ webpack-internal:///./node_modules/@rspack/core/dist/cssExtractHmr.js:109
[   90507ms] [LOG] [HMR] Reload all CSS @ webpack-internal:///./node_modules/@rspack/core/dist/cssExtractHmr.js:109
[   90728ms] [LOG] [HMR] Reload all CSS @ webpack-internal:///./node_modules/@rspack/core/dist/cssExtractHmr.js:109
[   90967ms] [LOG] [HMR] Reload all CSS @ webpack-internal:///./node_modules/@rspack/core/dist/cssExtractHmr.js:109
[   91233ms] [LOG] [HMR] Reload all CSS @ webpack-internal:///./node_modules/@rspack/core/dist/cssExtractHmr.js:109
[   91512ms] [LOG] [HMR] Reload all CSS @ webpack-internal:///./node_modules/@rspack/core/dist/cssExtractHmr.js:109
[   91743ms] [LOG] [HMR] Reload all CSS @ webpack-internal:///./node_modules/@rspack/core/dist/cssExtractHmr.js:109
[   91979ms] [LOG] [HMR] Reload all CSS @ webpack-internal:///./node_modules/@rspack/core/dist/cssExtractHmr.js:109
[   92244ms] [LOG] [HMR] Reload all CSS @ webpack-internal:///./node_modules/@rspack/core/dist/cssExtractHmr.js:109
[   92512ms] [LOG] [HMR] Reload all CSS @ webpack-internal:///./node_modules/@rspack/core/dist/cssExtractHmr.js:109
[   92753ms] [LOG] [HMR] Reload all CSS @ webpack-internal:///./node_modules/@rspack/core/dist/cssExtractHmr.js:109
[   93008ms] [LOG] [HMR] Reload all CSS @ webpack-internal:///./node_modules/@rspack/core/dist/cssExtractHmr.js:109
[   93246ms] [LOG] [HMR] Reload all CSS @ webpack-internal:///./node_modules/@rspack/core/dist/cssExtractHmr.js:109
[   93485ms] [LOG] [HMR] Reload all CSS @ webpack-internal:///./node_modules/@rspack/core/dist/cssExtractHmr.js:109
[   93724ms] [LOG] [HMR] Reload all CSS @ webpack-internal:///./node_modules/@rspack/core/dist/cssExtractHmr.js:109
[   93979ms] [LOG] [HMR] Reload all CSS @ webpack-internal:///./node_modules/@rspack/core/dist/cssExtractHmr.js:109
[   94220ms] [LOG] [HMR] Reload all CSS @ webpack-internal:///./node_modules/@rspack/core/dist/cssExtractHmr.js:109
[   94477ms] [LOG] [HMR] Reload all CSS @ webpack-internal:///./node_modules/@rspack/core/dist/cssExtractHmr.js:109
[   94715ms] [LOG] [HMR] Reload all CSS @ webpack-internal:///./node_modules/@rspack/core/dist/cssExtractHmr.js:109
[   94963ms] [LOG] [HMR] Reload all CSS @ webpack-internal:///./node_modules/@rspack/core/dist/cssExtractHmr.js:109
[   95211ms] [LOG] [HMR] Reload all CSS @ webpack-internal:///./node_modules/@rspack/core/dist/cssExtractHmr.js:109
[   95450ms] [LOG] [HMR] Reload all CSS @ webpack-internal:///./node_modules/@rspack/core/dist/cssExtractHmr.js:109
[   95705ms] [LOG] [HMR] Reload all CSS @ webpack-internal:///./node_modules/@rspack/core/dist/cssExtractHmr.js:109
[   95951ms] [LOG] [HMR] Reload all CSS @ webpack-internal:///./node_modules/@rspack/core/dist/cssExtractHmr.js:109
[   96196ms] [LOG] [HMR] Reload all CSS @ webpack-internal:///./node_modules/@rspack/core/dist/cssExtractHmr.js:109
[   96444ms] [LOG] [HMR] Reload all CSS @ webpack-internal:///./node_modules/@rspack/core/dist/cssExtractHmr.js:109
[   96701ms] [LOG] [HMR] Reload all CSS @ webpack-internal:///./node_modules/@rspack/core/dist/cssExtractHmr.js:109
[   96947ms] [LOG] [HMR] Reload all CSS @ webpack-internal:///./node_modules/@rspack/core/dist/cssExtractHmr.js:109
[   97224ms] [LOG] [HMR] Reload all CSS @ webpack-internal:///./node_modules/@rspack/core/dist/cssExtractHmr.js:109
[   97480ms] [LOG] [HMR] Reload all CSS @ webpack-internal:///./node_modules/@rspack/core/dist/cssExtractHmr.js:109
[   97725ms] [LOG] [HMR] Reload all CSS @ webpack-internal:///./node_modules/@rspack/core/dist/cssExtractHmr.js:109
[   97967ms] [LOG] [HMR] Reload all CSS @ webpack-internal:///./node_modules/@rspack/core/dist/cssExtractHmr.js:109
[   98233ms] [LOG] [HMR] Reload all CSS @ webpack-internal:///./node_modules/@rspack/core/dist/cssExtractHmr.js:109
[   98462ms] [LOG] [HMR] Reload all CSS @ webpack-internal:///./node_modules/@rspack/core/dist/cssExtractHmr.js:109
[   98729ms] [LOG] [HMR] Reload all CSS @ webpack-internal:///./node_modules/@rspack/core/dist/cssExtractHmr.js:109
[   98973ms] [LOG] [HMR] Reload all CSS @ webpack-internal:///./node_modules/@rspack/core/dist/cssExtractHmr.js:109
[   99232ms] [LOG] [HMR] Reload all CSS @ webpack-internal:///./node_modules/@rspack/core/dist/cssExtractHmr.js:109
[   99464ms] [LOG] [HMR] Reload all CSS @ webpack-internal:///./node_modules/@rspack/core/dist/cssExtractHmr.js:109
[   99707ms] [LOG] [HMR] Reload all CSS @ webpack-internal:///./node_modules/@rspack/core/dist/cssExtractHmr.js:109
[   99942ms] [LOG] [HMR] Reload all CSS @ webpack-internal:///./node_modules/@rspack/core/dist/cssExtractHmr.js:109
[  100188ms] [LOG] [HMR] Reload all CSS @ webpack-internal:///./node_modules/@rspack/core/dist/cssExtractHmr.js:109
[  100432ms] [LOG] [HMR] Reload all CSS @ webpack-internal:///./node_modules/@rspack/core/dist/cssExtractHmr.js:109
[  100668ms] [LOG] [HMR] Reload all CSS @ webpack-internal:///./node_modules/@rspack/core/dist/cssExtractHmr.js:109
[  100909ms] [LOG] [HMR] Reload all CSS @ webpack-internal:///./node_modules/@rspack/core/dist/cssExtractHmr.js:109
[  101150ms] [LOG] [HMR] Reload all CSS @ webpack-internal:///./node_modules/@rspack/core/dist/cssExtractHmr.js:109
[  101394ms] [LOG] [HMR] Reload all CSS @ webpack-internal:///./node_modules/@rspack/core/dist/cssExtractHmr.js:109
[  101640ms] [LOG] [HMR] Reload all CSS @ webpack-internal:///./node_modules/@rspack/core/dist/cssExtractHmr.js:109
[  101883ms] [LOG] [HMR] Reload all CSS @ webpack-internal:///./node_modules/@rspack/core/dist/cssExtractHmr.js:109
[  102140ms] [LOG] [HMR] Reload all CSS @ webpack-internal:///./node_modules/@rspack/core/dist/cssExtractHmr.js:109
[  102385ms] [LOG] [HMR] Reload all CSS @ webpack-internal:///./node_modules/@rspack/core/dist/cssExtractHmr.js:109
[  102646ms] [LOG] [HMR] Reload all CSS @ webpack-internal:///./node_modules/@rspack/core/dist/cssExtractHmr.js:109
[  102910ms] [LOG] [HMR] Reload all CSS @ webpack-internal:///./node_modules/@rspack/core/dist/cssExtractHmr.js:109
[  103170ms] [LOG] [HMR] Reload all CSS @ webpack-internal:///./node_modules/@rspack/core/dist/cssExtractHmr.js:109
[  103426ms] [LOG] [HMR] Reload all CSS @ webpack-internal:///./node_modules/@rspack/core/dist/cssExtractHmr.js:109
[  103674ms] [LOG] [HMR] Reload all CSS @ webpack-internal:///./node_modules/@rspack/core/dist/cssExtractHmr.js:109
[  103927ms] [LOG] [HMR] Reload all CSS @ webpack-internal:///./node_modules/@rspack/core/dist/cssExtractHmr.js:109
[  104184ms] [LOG] [HMR] Reload all CSS @ webpack-internal:///./node_modules/@rspack/core/dist/cssExtractHmr.js:109
[  104446ms] [LOG] [HMR] Reload all CSS @ webpack-internal:///./node_modules/@rspack/core/dist/cssExtractHmr.js:109
[  104668ms] [LOG] [HMR] Reload all CSS @ webpack-internal:///./node_modules/@rspack/core/dist/cssExtractHmr.js:109
[  104922ms] [LOG] [HMR] Reload all CSS @ webpack-internal:///./node_modules/@rspack/core/dist/cssExtractHmr.js:109
[  105140ms] [LOG] [HMR] Reload all CSS @ webpack-internal:///./node_modules/@rspack/core/dist/cssExtractHmr.js:109
[  105393ms] [LOG] [HMR] Reload all CSS @ webpack-internal:///./node_modules/@rspack/core/dist/cssExtractHmr.js:109
[  105655ms] [LOG] [HMR] Reload all CSS @ webpack-internal:///./node_modules/@rspack/core/dist/cssExtractHmr.js:109
[  105918ms] [LOG] [HMR] Reload all CSS @ webpack-internal:///./node_modules/@rspack/core/dist/cssExtractHmr.js:109
[  106150ms] [LOG] [HMR] Reload all CSS @ webpack-internal:///./node_modules/@rspack/core/dist/cssExtractHmr.js:109
[  106404ms] [LOG] [HMR] Reload all CSS @ webpack-internal:///./node_modules/@rspack/core/dist/cssExtractHmr.js:109
[  106663ms] [LOG] [HMR] Reload all CSS @ webpack-internal:///./node_modules/@rspack/core/dist/cssExtractHmr.js:109
[  106902ms] [LOG] [HMR] Reload all CSS @ webpack-internal:///./node_modules/@rspack/core/dist/cssExtractHmr.js:109
[  107145ms] [LOG] [HMR] Reload all CSS @ webpack-internal:///./node_modules/@rspack/core/dist/cssExtractHmr.js:109
[  107378ms] [LOG] [HMR] Reload all CSS @ webpack-internal:///./node_modules/@rspack/core/dist/cssExtractHmr.js:109
[  107632ms] [LOG] [HMR] Reload all CSS @ webpack-internal:///./node_modules/@rspack/core/dist/cssExtractHmr.js:109
[  107897ms] [LOG] [HMR] Reload all CSS @ webpack-internal:///./node_modules/@rspack/core/dist/cssExtractHmr.js:109
[  108126ms] [LOG] [HMR] Reload all CSS @ webpack-internal:///./node_modules/@rspack/core/dist/cssExtractHmr.js:109
[  108379ms] [LOG] [HMR] Reload all CSS @ webpack-internal:///./node_modules/@rspack/core/dist/cssExtractHmr.js:109
[  108628ms] [LOG] [HMR] Reload all CSS @ webpack-internal:///./node_modules/@rspack/core/dist/cssExtractHmr.js:109
[  108881ms] [LOG] [HMR] Reload all CSS @ webpack-internal:///./node_modules/@rspack/core/dist/cssExtractHmr.js:109
[  109129ms] [LOG] [HMR] Reload all CSS @ webpack-internal:///./node_modules/@rspack/core/dist/cssExtractHmr.js:109
[  109384ms] [LOG] [HMR] Reload all CSS @ webpack-internal:///./node_modules/@rspack/core/dist/cssExtractHmr.js:109
[  109646ms] [LOG] [HMR] Reload all CSS @ webpack-internal:///./node_modules/@rspack/core/dist/cssExtractHmr.js:109
[  109902ms] [LOG] [HMR] Reload all CSS @ webpack-internal:///./node_modules/@rspack/core/dist/cssExtractHmr.js:109
[  110153ms] [LOG] [HMR] Reload all CSS @ webpack-internal:///./node_modules/@rspack/core/dist/cssExtractHmr.js:109
[  110413ms] [LOG] [HMR] Reload all CSS @ webpack-internal:///./node_modules/@rspack/core/dist/cssExtractHmr.js:109
[  110671ms] [LOG] [HMR] Reload all CSS @ webpack-internal:///./node_modules/@rspack/core/dist/cssExtractHmr.js:109
[  110945ms] [LOG] [HMR] Reload all CSS @ webpack-internal:///./node_modules/@rspack/core/dist/cssExtractHmr.js:109
[  111191ms] [LOG] [HMR] Reload all CSS @ webpack-internal:///./node_modules/@rspack/core/dist/cssExtractHmr.js:109
[  111445ms] [LOG] [HMR] Reload all CSS @ webpack-internal:///./node_modules/@rspack/core/dist/cssExtractHmr.js:109
[  111698ms] [LOG] [HMR] Reload all CSS @ webpack-internal:///./node_modules/@rspack/core/dist/cssExtractHmr.js:109
[  111957ms] [LOG] [HMR] Reload all CSS @ webpack-internal:///./node_modules/@rspack/core/dist/cssExtractHmr.js:109
[  112187ms] [LOG] [HMR] Reload all CSS @ webpack-internal:///./node_modules/@rspack/core/dist/cssExtractHmr.js:109
[  112428ms] [LOG] [HMR] Reload all CSS @ webpack-internal:///./node_modules/@rspack/core/dist/cssExtractHmr.js:109
[  112681ms] [LOG] [HMR] Reload all CSS @ webpack-internal:///./node_modules/@rspack/core/dist/cssExtractHmr.js:109
[  112926ms] [LOG] [HMR] Reload all CSS @ webpack-internal:///./node_modules/@rspack/core/dist/cssExtractHmr.js:109
[  113184ms] [LOG] [HMR] Reload all CSS @ webpack-internal:///./node_modules/@rspack/core/dist/cssExtractHmr.js:109
[  113434ms] [LOG] [HMR] Reload all CSS @ webpack-internal:///./node_modules/@rspack/core/dist/cssExtractHmr.js:109
[  113681ms] [LOG] [HMR] Reload all CSS @ webpack-internal:///./node_modules/@rspack/core/dist/cssExtractHmr.js:109
[  113935ms] [LOG] [HMR] Reload all CSS @ webpack-internal:///./node_modules/@rspack/core/dist/cssExtractHmr.js:109
[  114170ms] [LOG] [HMR] Reload all CSS @ webpack-internal:///./node_modules/@rspack/core/dist/cssExtractHmr.js:109
[  114437ms] [LOG] [HMR] Reload all CSS @ webpack-internal:///./node_modules/@rspack/core/dist/cssExtractHmr.js:109
[  114687ms] [LOG] [HMR] Reload all CSS @ webpack-internal:///./node_modules/@rspack/core/dist/cssExtractHmr.js:109
[  114913ms] [LOG] [HMR] Reload all CSS @ webpack-internal:///./node_modules/@rspack/core/dist/cssExtractHmr.js:109
[  115161ms] [LOG] [HMR] Reload all CSS @ webpack-internal:///./node_modules/@rspack/core/dist/cssExtractHmr.js:109
[  115431ms] [LOG] [HMR] Reload all CSS @ webpack-internal:///./node_modules/@rspack/core/dist/cssExtractHmr.js:109
[  115693ms] [LOG] [HMR] Reload all CSS @ webpack-internal:///./node_modules/@rspack/core/dist/cssExtractHmr.js:109
[  115939ms] [LOG] [HMR] Reload all CSS @ webpack-internal:///./node_modules/@rspack/core/dist/cssExtractHmr.js:109
[  116186ms] [LOG] [HMR] Reload all CSS @ webpack-internal:///./node_modules/@rspack/core/dist/cssExtractHmr.js:109
[  116448ms] [LOG] [HMR] Reload all CSS @ webpack-internal:///./node_modules/@rspack/core/dist/cssExtractHmr.js:109
[  116695ms] [LOG] [HMR] Reload all CSS @ webpack-internal:///./node_modules/@rspack/core/dist/cssExtractHmr.js:109
[  116958ms] [LOG] [HMR] Reload all CSS @ webpack-internal:///./node_modules/@rspack/core/dist/cssExtractHmr.js:109
[  117215ms] [LOG] [HMR] Reload all CSS @ webpack-internal:///./node_modules/@rspack/core/dist/cssExtractHmr.js:109
[  117445ms] [LOG] [HMR] Reload all CSS @ webpack-internal:///./node_modules/@rspack/core/dist/cssExtractHmr.js:109
[  117716ms] [LOG] [HMR] Reload all CSS @ webpack-internal:///./node_modules/@rspack/core/dist/cssExtractHmr.js:109
[  117966ms] [LOG] [HMR] Reload all CSS @ webpack-internal:///./node_modules/@rspack/core/dist/cssExtractHmr.js:109
[  118237ms] [LOG] [HMR] Reload all CSS @ webpack-internal:///./node_modules/@rspack/core/dist/cssExtractHmr.js:109
[  118497ms] [LOG] [HMR] Reload all CSS @ webpack-internal:///./node_modules/@rspack/core/dist/cssExtractHmr.js:109
[  118761ms] [LOG] [HMR] Reload all CSS @ webpack-internal:///./node_modules/@rspack/core/dist/cssExtractHmr.js:109
[  119022ms] [LOG] [HMR] Reload all CSS @ webpack-internal:///./node_modules/@rspack/core/dist/cssExtractHmr.js:109
[  119277ms] [LOG] [HMR] Reload all CSS @ webpack-internal:///./node_modules/@rspack/core/dist/cssExtractHmr.js:109
[  119526ms] [LOG] [HMR] Reload all CSS @ webpack-internal:///./node_modules/@rspack/core/dist/cssExtractHmr.js:109
[  119781ms] [LOG] [HMR] Reload all CSS @ webpack-internal:///./node_modules/@rspack/core/dist/cssExtractHmr.js:109
[  120038ms] [LOG] [HMR] Reload all CSS @ webpack-internal:///./node_modules/@rspack/core/dist/cssExtractHmr.js:109
[  120316ms] [LOG] [HMR] Reload all CSS @ webpack-internal:///./node_modules/@rspack/core/dist/cssExtractHmr.js:109
[  120544ms] [LOG] [HMR] Reload all CSS @ webpack-internal:///./node_modules/@rspack/core/dist/cssExtractHmr.js:109
[  120810ms] [LOG] [HMR] Reload all CSS @ webpack-internal:///./node_modules/@rspack/core/dist/cssExtractHmr.js:109
[  121064ms] [LOG] [HMR] Reload all CSS @ webpack-internal:///./node_modules/@rspack/core/dist/cssExtractHmr.js:109
[  121324ms] [LOG] [HMR] Reload all CSS @ webpack-internal:///./node_modules/@rspack/core/dist/cssExtractHmr.js:109
[  121575ms] [LOG] [HMR] Reload all CSS @ webpack-internal:///./node_modules/@rspack/core/dist/cssExtractHmr.js:109
[  121834ms] [LOG] [HMR] Reload all CSS @ webpack-internal:///./node_modules/@rspack/core/dist/cssExtractHmr.js:109
[  122108ms] [LOG] [HMR] Reload all CSS @ webpack-internal:///./node_modules/@rspack/core/dist/cssExtractHmr.js:109
[  122334ms] [LOG] [HMR] Reload all CSS @ webpack-internal:///./node_modules/@rspack/core/dist/cssExtractHmr.js:109
[  122584ms] [LOG] [HMR] Reload all CSS @ webpack-internal:///./node_modules/@rspack/core/dist/cssExtractHmr.js:109
[  122851ms] [LOG] [HMR] Reload all CSS @ webpack-internal:///./node_modules/@rspack/core/dist/cssExtractHmr.js:109
[  123104ms] [LOG] [HMR] Reload all CSS @ webpack-internal:///./node_modules/@rspack/core/dist/cssExtractHmr.js:109
[  123365ms] [LOG] [HMR] Reload all CSS @ webpack-internal:///./node_modules/@rspack/core/dist/cssExtractHmr.js:109
[  123607ms] [LOG] [HMR] Reload all CSS @ webpack-internal:///./node_modules/@rspack/core/dist/cssExtractHmr.js:109
[  123857ms] [LOG] [HMR] Reload all CSS @ webpack-internal:///./node_modules/@rspack/core/dist/cssExtractHmr.js:109
[  124120ms] [LOG] [HMR] Reload all CSS @ webpack-internal:///./node_modules/@rspack/core/dist/cssExtractHmr.js:109
[  124392ms] [LOG] [HMR] Reload all CSS @ webpack-internal:///./node_modules/@rspack/core/dist/cssExtractHmr.js:109
[  124641ms] [LOG] [HMR] Reload all CSS @ webpack-internal:///./node_modules/@rspack/core/dist/cssExtractHmr.js:109
[  124926ms] [LOG] [HMR] Reload all CSS @ webpack-internal:///./node_modules/@rspack/core/dist/cssExtractHmr.js:109
[  125174ms] [LOG] [HMR] Reload all CSS @ webpack-internal:///./node_modules/@rspack/core/dist/cssExtractHmr.js:109
[  125446ms] [LOG] [HMR] Reload all CSS @ webpack-internal:///./node_modules/@rspack/core/dist/cssExtractHmr.js:109
[  125717ms] [LOG] [HMR] Reload all CSS @ webpack-internal:///./node_modules/@rspack/core/dist/cssExtractHmr.js:109
[  125954ms] [LOG] [HMR] Reload all CSS @ webpack-internal:///./node_modules/@rspack/core/dist/cssExtractHmr.js:109
[  126202ms] [LOG] [HMR] Reload all CSS @ webpack-internal:///./node_modules/@rspack/core/dist/cssExtractHmr.js:109
[  126501ms] [LOG] [HMR] Reload all CSS @ webpack-internal:///./node_modules/@rspack/core/dist/cssExtractHmr.js:109
[  126787ms] [LOG] [HMR] Reload all CSS @ webpack-internal:///./node_modules/@rspack/core/dist/cssExtractHmr.js:109
[  127050ms] [LOG] [HMR] Reload all CSS @ webpack-internal:///./node_modules/@rspack/core/dist/cssExtractHmr.js:109
[  127348ms] [LOG] [HMR] Reload all CSS @ webpack-internal:///./node_modules/@rspack/core/dist/cssExtractHmr.js:109
[  127637ms] [LOG] [HMR] Reload all CSS @ webpack-internal:///./node_modules/@rspack/core/dist/cssExtractHmr.js:109
[  127903ms] [LOG] [HMR] Reload all CSS @ webpack-internal:///./node_modules/@rspack/core/dist/cssExtractHmr.js:109
[  128191ms] [LOG] [HMR] Reload all CSS @ webpack-internal:///./node_modules/@rspack/core/dist/cssExtractHmr.js:109
[  128470ms] [LOG] [HMR] Reload all CSS @ webpack-internal:///./node_modules/@rspack/core/dist/cssExtractHmr.js:109
[  128715ms] [LOG] [HMR] Reload all CSS @ webpack-internal:///./node_modules/@rspack/core/dist/cssExtractHmr.js:109
[  128971ms] [LOG] [HMR] Reload all CSS @ webpack-internal:///./node_modules/@rspack/core/dist/cssExtractHmr.js:109
[  129219ms] [LOG] [HMR] Reload all CSS @ webpack-internal:///./node_modules/@rspack/core/dist/cssExtractHmr.js:109
[  129487ms] [LOG] [HMR] Reload all CSS @ webpack-internal:///./node_modules/@rspack/core/dist/cssExtractHmr.js:109
[  129751ms] [LOG] [HMR] Reload all CSS @ webpack-internal:///./node_modules/@rspack/core/dist/cssExtractHmr.js:109
[  130011ms] [LOG] [HMR] Reload all CSS @ webpack-internal:///./node_modules/@rspack/core/dist/cssExtractHmr.js:109
[  130270ms] [LOG] [HMR] Reload all CSS @ webpack-internal:///./node_modules/@rspack/core/dist/cssExtractHmr.js:109
[  130534ms] [LOG] [HMR] Reload all CSS @ webpack-internal:///./node_modules/@rspack/core/dist/cssExtractHmr.js:109
[  130791ms] [LOG] [HMR] Reload all CSS @ webpack-internal:///./node_modules/@rspack/core/dist/cssExtractHmr.js:109
[  131036ms] [LOG] [HMR] Reload all CSS @ webpack-internal:///./node_modules/@rspack/core/dist/cssExtractHmr.js:109
[  131301ms] [LOG] [HMR] Reload all CSS @ webpack-internal:///./node_modules/@rspack/core/dist/cssExtractHmr.js:109
[  131567ms] [LOG] [HMR] Reload all CSS @ webpack-internal:///./node_modules/@rspack/core/dist/cssExtractHmr.js:109
[  131842ms] [LOG] [HMR] Reload all CSS @ webpack-internal:///./node_modules/@rspack/core/dist/cssExtractHmr.js:109
[  132087ms] [LOG] [HMR] Reload all CSS @ webpack-internal:///./node_modules/@rspack/core/dist/cssExtractHmr.js:109
[  132322ms] [LOG] [HMR] Reload all CSS @ webpack-internal:///./node_modules/@rspack/core/dist/cssExtractHmr.js:109
[  132583ms] [LOG] [HMR] Reload all CSS @ webpack-internal:///./node_modules/@rspack/core/dist/cssExtractHmr.js:109
[  132830ms] [LOG] [HMR] Reload all CSS @ webpack-internal:///./node_modules/@rspack/core/dist/cssExtractHmr.js:109
[  133073ms] [LOG] [HMR] Reload all CSS @ webpack-internal:///./node_modules/@rspack/core/dist/cssExtractHmr.js:109
[  133340ms] [LOG] [HMR] Reload all CSS @ webpack-internal:///./node_modules/@rspack/core/dist/cssExtractHmr.js:109
[  133589ms] [LOG] [HMR] Reload all CSS @ webpack-internal:///./node_modules/@rspack/core/dist/cssExtractHmr.js:109
[  133861ms] [LOG] [HMR] Reload all CSS @ webpack-internal:///./node_modules/@rspack/core/dist/cssExtractHmr.js:109
[  134121ms] [LOG] [HMR] Reload all CSS @ webpack-internal:///./node_modules/@rspack/core/dist/cssExtractHmr.js:109
[  134397ms] [LOG] [HMR] Reload all CSS @ webpack-internal:///./node_modules/@rspack/core/dist/cssExtractHmr.js:109
[  134684ms] [LOG] [HMR] Reload all CSS @ webpack-internal:///./node_modules/@rspack/core/dist/cssExtractHmr.js:109
[  134933ms] [LOG] [HMR] Reload all CSS @ webpack-internal:///./node_modules/@rspack/core/dist/cssExtractHmr.js:109
[  135185ms] [LOG] [HMR] Reload all CSS @ webpack-internal:///./node_modules/@rspack/core/dist/cssExtractHmr.js:109
[  135432ms] [LOG] [HMR] Reload all CSS @ webpack-internal:///./node_modules/@rspack/core/dist/cssExtractHmr.js:109
[  135687ms] [LOG] [HMR] Reload all CSS @ webpack-internal:///./node_modules/@rspack/core/dist/cssExtractHmr.js:109
[  135951ms] [LOG] [HMR] Reload all CSS @ webpack-internal:///./node_modules/@rspack/core/dist/cssExtractHmr.js:109
[  136217ms] [LOG] [HMR] Reload all CSS @ webpack-internal:///./node_modules/@rspack/core/dist/cssExtractHmr.js:109
[  136473ms] [LOG] [HMR] Reload all CSS @ webpack-internal:///./node_modules/@rspack/core/dist/cssExtractHmr.js:109
[  136728ms] [LOG] [HMR] Reload all CSS @ webpack-internal:///./node_modules/@rspack/core/dist/cssExtractHmr.js:109
[  136994ms] [LOG] [HMR] Reload all CSS @ webpack-internal:///./node_modules/@rspack/core/dist/cssExtractHmr.js:109
[  137251ms] [LOG] [HMR] Reload all CSS @ webpack-internal:///./node_modules/@rspack/core/dist/cssExtractHmr.js:109
[  137516ms] [LOG] [HMR] Reload all CSS @ webpack-internal:///./node_modules/@rspack/core/dist/cssExtractHmr.js:109
[  137767ms] [LOG] [HMR] Reload all CSS @ webpack-internal:///./node_modules/@rspack/core/dist/cssExtractHmr.js:109
[  138031ms] [LOG] [HMR] Reload all CSS @ webpack-internal:///./node_modules/@rspack/core/dist/cssExtractHmr.js:109
[  138285ms] [LOG] [HMR] Reload all CSS @ webpack-internal:///./node_modules/@rspack/core/dist/cssExtractHmr.js:109
[  138564ms] [LOG] [HMR] Reload all CSS @ webpack-internal:///./node_modules/@rspack/core/dist/cssExtractHmr.js:109
[  138827ms] [LOG] [HMR] Reload all CSS @ webpack-internal:///./node_modules/@rspack/core/dist/cssExtractHmr.js:109
[  139083ms] [LOG] [HMR] Reload all CSS @ webpack-internal:///./node_modules/@rspack/core/dist/cssExtractHmr.js:109
[  139347ms] [LOG] [HMR] Reload all CSS @ webpack-internal:///./node_modules/@rspack/core/dist/cssExtractHmr.js:109
[  139613ms] [LOG] [HMR] Reload all CSS @ webpack-internal:///./node_modules/@rspack/core/dist/cssExtractHmr.js:109
[  139872ms] [LOG] [HMR] Reload all CSS @ webpack-internal:///./node_modules/@rspack/core/dist/cssExtractHmr.js:109
[  140155ms] [LOG] [HMR] Reload all CSS @ webpack-internal:///./node_modules/@rspack/core/dist/cssExtractHmr.js:109
[  140502ms] [LOG] [HMR] Reload all CSS @ webpack-internal:///./node_modules/@rspack/core/dist/cssExtractHmr.js:109
[  140751ms] [LOG] [HMR] Reload all CSS @ webpack-internal:///./node_modules/@rspack/core/dist/cssExtractHmr.js:109
[  141016ms] [LOG] [HMR] Reload all CSS @ webpack-internal:///./node_modules/@rspack/core/dist/cssExtractHmr.js:109
[  141282ms] [LOG] [HMR] Reload all CSS @ webpack-internal:///./node_modules/@rspack/core/dist/cssExtractHmr.js:109
[  141550ms] [LOG] [HMR] Reload all CSS @ webpack-internal:///./node_modules/@rspack/core/dist/cssExtractHmr.js:109
[  141817ms] [LOG] [HMR] Reload all CSS @ webpack-internal:///./node_modules/@rspack/core/dist/cssExtractHmr.js:109
[  142080ms] [LOG] [HMR] Reload all CSS @ webpack-internal:///./node_modules/@rspack/core/dist/cssExtractHmr.js:109
[  142340ms] [LOG] [HMR] Reload all CSS @ webpack-internal:///./node_modules/@rspack/core/dist/cssExtractHmr.js:109
[  142597ms] [LOG] [HMR] Reload all CSS @ webpack-internal:///./node_modules/@rspack/core/dist/cssExtractHmr.js:109
[  142849ms] [LOG] [HMR] Reload all CSS @ webpack-internal:///./node_modules/@rspack/core/dist/cssExtractHmr.js:109
[  143114ms] [LOG] [HMR] Reload all CSS @ webpack-internal:///./node_modules/@rspack/core/dist/cssExtractHmr.js:109
[  143380ms] [LOG] [HMR] Reload all CSS @ webpack-internal:///./node_modules/@rspack/core/dist/cssExtractHmr.js:109
[  143646ms] [LOG] [HMR] Reload all CSS @ webpack-internal:///./node_modules/@rspack/core/dist/cssExtractHmr.js:109
[  143905ms] [LOG] [HMR] Reload all CSS @ webpack-internal:///./node_modules/@rspack/core/dist/cssExtractHmr.js:109
[  145050ms] [ERROR] WebSocket connection to 'ws://localhost:3001/ws' failed: Error in connection establishment: net::ERR_CONNECTION_REFUSED @ webpack-internal:///./node_modules/webpack-dev-server/client/clients/WebSocketClient.js:24
[  145053ms] [ERROR] [webpack-dev-server] Event @ webpack-internal:///./node_modules/webpack-dev-server/client/modules/logger/index.js:607
[  147112ms] [ERROR] WebSocket connection to 'ws://localhost:3001/ws' failed: Error in connection establishment: net::ERR_CONNECTION_REFUSED @ webpack-internal:///./node_modules/webpack-dev-server/client/clients/WebSocketClient.js:24
[  147113ms] [ERROR] [webpack-dev-server] Event @ webpack-internal:///./node_modules/webpack-dev-server/client/modules/logger/index.js:607
[  151173ms] [ERROR] WebSocket connection to 'ws://localhost:3001/ws' failed: Error in connection establishment: net::ERR_CONNECTION_REFUSED @ webpack-internal:///./node_modules/webpack-dev-server/client/clients/WebSocketClient.js:24
[  151173ms] [ERROR] [webpack-dev-server] Event @ webpack-internal:///./node_modules/webpack-dev-server/client/modules/logger/index.js:607
[  159270ms] [ERROR] WebSocket connection to 'ws://localhost:3001/ws' failed: Error in connection establishment: net::ERR_CONNECTION_REFUSED @ webpack-internal:///./node_modules/webpack-dev-server/client/clients/WebSocketClient.js:24
[  159271ms] [ERROR] [webpack-dev-server] Event @ webpack-internal:///./node_modules/webpack-dev-server/client/modules/logger/index.js:607
[  175364ms] [ERROR] WebSocket connection to 'ws://localhost:3001/ws' failed: Error in connection establishment: net::ERR_CONNECTION_REFUSED @ webpack-internal:///./node_modules/webpack-dev-server/client/clients/WebSocketClient.js:24
[  175367ms] [ERROR] [webpack-dev-server] Event @ webpack-internal:///./node_modules/webpack-dev-server/client/modules/logger/index.js:607
[  207380ms] [ERROR] WebSocket connection to 'ws://localhost:3001/ws' failed: Error in connection establishment: net::ERR_CONNECTION_REFUSED @ webpack-internal:///./node_modules/webpack-dev-server/client/clients/WebSocketClient.js:24
[  207381ms] [ERROR] [webpack-dev-server] Event @ webpack-internal:///./node_modules/webpack-dev-server/client/modules/logger/index.js:607
[  246448ms] [ERROR] Failed to load resource: net::ERR_CONNECTION_REFUSED @ http://localhost:3001/vendors-node_modules_docusaurus_theme-classic_lib_theme_BlogLayout_index_js.js:0
[  246449ms] [ERROR] Failed to load resource: net::ERR_CONNECTION_REFUSED @ http://localhost:3001/vendors-node_modules_docusaurus_theme-classic_lib_theme_EditMetaRow_index_js-node_modules_doc-95824d.js:0
[  246459ms] ChunkLoadError: Loading chunk vendors-node_modules_docusaurus_theme-classic_lib_theme_BlogLayout_index_js failed.
(error: http://localhost:3001/vendors-node_modules_docusaurus_theme-classic_lib_theme_BlogLayout_index_js.js)
    at __webpack_require__.f.j (http://localhost:3001/runtime~main.js:812:16)
    at http://localhost:3001/runtime~main.js:107:30
    at Array.reduce (<anonymous>)
    at __webpack_require__.e (http://localhost:3001/runtime~main.js:106:38)
    at fn.e (http://localhost:3001/runtime~main.js:245:39)
    at __rspack_default_export.__comp---theme-blog-post-pageccc-cab (webpack-internal:///./.docusaurus/registry.js:42:133)
    at load (webpack-internal:///./node_modules/react-loadable/lib/index.js:27:17)
    at eval (webpack-internal:///./node_modules/react-loadable/lib/index.js:55:20)
    at Array.forEach (<anonymous>)
    at loadMap (webpack-internal:///./node_modules/react-loadable/lib/index.js:54:22)
[  246452ms] [ERROR] Failed to load resource: net::ERR_CONNECTION_REFUSED @ http://localhost:3001/vendors-node_modules_docusaurus_theme-classic_lib_theme_Blog_Components_Author_index_js-node_-d968a9.js:0
[  246452ms] [ERROR] Failed to load resource: net::ERR_CONNECTION_REFUSED @ http://localhost:3001/vendors-node_modules_docusaurus_theme-classic_lib_theme_BlogPostItem_index_js.js:0
[  246458ms] [ERROR] Failed to load resource: net::ERR_CONNECTION_REFUSED @ http://localhost:3001/vendors-node_modules_docusaurus_theme-classic_lib_theme_ContentVisibility_index_js-node_modul-a6c9bc.js:0
[  246458ms] [ERROR] Failed to load resource: net::ERR_CONNECTION_REFUSED @ http://localhost:3001/vendors-node_modules_docusaurus_theme-classic_lib_theme_BlogPostPaginator_index_js-node_modul-479169.js:0
[  246458ms] [ERROR] Failed to load resource: net::ERR_CONNECTION_REFUSED @ http://localhost:3001/__comp---theme-blog-post-pageccc-cab.js:0
[  246458ms] [ERROR] Failed to load resource: net::ERR_CONNECTION_REFUSED @ http://localhost:3001/blogMetadata---blog-2025-05-16-quick-reference-for-mac-os-network-reset-commandsace-2da.js:0
[  246458ms] [ERROR] Failed to load resource: net::ERR_CONNECTION_REFUSED @ http://localhost:3001/plugin---blog-369-22e.js:0
[  246458ms] [ERROR] Failed to load resource: net::ERR_CONNECTION_REFUSED @ http://localhost:3001/sidebar---blog-814-8ac.js:0
[  246458ms] [ERROR] Failed to load resource: net::ERR_CONNECTION_REFUSED @ http://localhost:3001/content---blog-2026-08-21-abogen-github-project-453-610.js:0
